backups/lopez-it-welt-backup_/cypress.config.ts(1,30): error TS2307: Cannot find module 'cypress' or its corresponding type declarations.
backups/lopez-it-welt-backup_/cypress.config.ts(16,21): error TS7006: Parameter 'on' implicitly has an 'any' type.
backups/lopez-it-welt-backup_/cypress.config.ts(16,25): error TS7006: Parameter 'config' implicitly has an 'any' type.
backups/lopez-it-welt-backup_/cypress/e2e/home.cy.ts(1,1): error TS2593: Cannot find name 'describe'. Do you need to install type definitions for a test runner? Try `npm i --save-dev @types/jest` or `npm i --save-dev @types/mocha` and then add 'jest' or 'mocha' to the types field in your tsconfig.
backups/lopez-it-welt-backup_/cypress/e2e/home.cy.ts(2,3): error TS2304: Cannot find name 'beforeEach'.
backups/lopez-it-welt-backup_/cypress/e2e/home.cy.ts(3,5): error TS2304: Cannot find name 'cy'.
backups/lopez-it-welt-backup_/cypress/e2e/home.cy.ts(6,3): error TS2593: Cannot find name 'it'. Do you need to install type definitions for a test runner? Try `npm i --save-dev @types/jest` or `npm i --save-dev @types/mocha` and then add 'jest' or 'mocha' to the types field in your tsconfig.
backups/lopez-it-welt-backup_/cypress/e2e/home.cy.ts(7,5): error TS2304: Cannot find name 'cy'.
backups/lopez-it-welt-backup_/cypress/e2e/home.cy.ts(10,3): error TS2593: Cannot find name 'it'. Do you need to install type definitions for a test runner? Try `npm i --save-dev @types/jest` or `npm i --save-dev @types/mocha` and then add 'jest' or 'mocha' to the types field in your tsconfig.
backups/lopez-it-welt-backup_/cypress/e2e/home.cy.ts(11,5): error TS2304: Cannot find name 'cy'.
backups/lopez-it-welt-backup_/cypress/e2e/home.cy.ts(12,5): error TS2304: Cannot find name 'cy'.
backups/lopez-it-welt-backup_/cypress/e2e/home.cy.ts(13,5): error TS2304: Cannot find name 'cy'.
backups/lopez-it-welt-backup_/cypress/e2e/home.cy.ts(16,3): error TS2593: Cannot find name 'it'. Do you need to install type definitions for a test runner? Try `npm i --save-dev @types/jest` or `npm i --save-dev @types/mocha` and then add 'jest' or 'mocha' to the types field in your tsconfig.
backups/lopez-it-welt-backup_/cypress/e2e/home.cy.ts(17,5): error TS2304: Cannot find name 'cy'.
backups/lopez-it-welt-backup_/cypress/e2e/home.cy.ts(18,5): error TS2304: Cannot find name 'cy'.
backups/lopez-it-welt-backup_/cypress/e2e/home.cy.ts(19,5): error TS2304: Cannot find name 'cy'.
backups/lopez-it-welt-backup_/cypress/e2e/home.cy.ts(20,5): error TS2304: Cannot find name 'cy'.
backups/lopez-it-welt-backup_/cypress/e2e/home.cy.ts(23,3): error TS2593: Cannot find name 'it'. Do you need to install type definitions for a test runner? Try `npm i --save-dev @types/jest` or `npm i --save-dev @types/mocha` and then add 'jest' or 'mocha' to the types field in your tsconfig.
backups/lopez-it-welt-backup_/cypress/e2e/home.cy.ts(24,5): error TS2304: Cannot find name 'cy'.
backups/lopez-it-welt-backup_/cypress/e2e/home.cy.ts(25,5): error TS2304: Cannot find name 'cy'.
backups/lopez-it-welt-backup_/cypress/e2e/home.cy.ts(28,3): error TS2593: Cannot find name 'it'. Do you need to install type definitions for a test runner? Try `npm i --save-dev @types/jest` or `npm i --save-dev @types/mocha` and then add 'jest' or 'mocha' to the types field in your tsconfig.
backups/lopez-it-welt-backup_/cypress/e2e/home.cy.ts(29,5): error TS2304: Cannot find name 'cy'.
backups/lopez-it-welt-backup_/cypress/e2e/home.cy.ts(30,5): error TS2304: Cannot find name 'cy'.
backups/lopez-it-welt-backup_/playwright.config.ts(1,39): error TS2307: Cannot find module '@playwright/test' or its corresponding type declarations.
backups/lopez-it-welt-backup_/src/agents/complianceAgentService.ts(9,18): error TS2307: Cannot find module 'cors' or its corresponding type declarations.
backups/lopez-it-welt-backup_/src/agents/complianceAgentService.ts(10,58): error TS2307: Cannot find module 'express' or its corresponding type declarations.
backups/lopez-it-welt-backup_/src/agents/complianceAgentService.ts(11,10): error TS2305: Module '"../lib/compliance-system-mysql"' has no exported member 'createComplianceSystemMySQL'.
backups/lopez-it-welt-backup_/src/agents/complianceAgentService.ts(94,56): error TS2345: Argument of type '{ id: string; description: any; category: string; priority: any; context: any; }' is not assignable to parameter of type 'string'.
backups/lopez-it-welt-backup_/src/agents/complianceAgentService.ts(106,35): error TS2339: Property 'compliance_result' does not exist on type '{ success: boolean; result?: any; error?: string | undefined; }'.
backups/lopez-it-welt-backup_/src/agents/complianceAgentService.ts(107,31): error TS2339: Property 'compliance_result' does not exist on type '{ success: boolean; result?: any; error?: string | undefined; }'.
backups/lopez-it-welt-backup_/src/agents/complianceAgentService.ts(108,32): error TS2339: Property 'compliance_result' does not exist on type '{ success: boolean; result?: any; error?: string | undefined; }'.
backups/lopez-it-welt-backup_/src/agents/complianceAgentService.ts(109,33): error TS2339: Property 'execution_time' does not exist on type '{ success: boolean; result?: any; error?: string | undefined; }'.
backups/lopez-it-welt-backup_/src/agents/complianceAgentService.ts(110,32): error TS2339: Property 'rules_applied' does not exist on type '{ success: boolean; result?: any; error?: string | undefined; }'.
backups/lopez-it-welt-backup_/src/agents/complianceAgentService.ts(148,53): error TS2345: Argument of type '{ id: string; description: any; category: string; priority: any; context: any; }' is not assignable to parameter of type 'string'.
backups/lopez-it-welt-backup_/src/agents/complianceAgentService.ts(162,33): error TS2339: Property 'execution_time' does not exist on type '{ success: boolean; result?: any; error?: string | undefined; }'.
backups/lopez-it-welt-backup_/src/agents/complianceAgentService.ts(163,32): error TS2339: Property 'rules_applied' does not exist on type '{ success: boolean; result?: any; error?: string | undefined; }'.
backups/lopez-it-welt-backup_/src/agents/complianceAgentService.ts(201,57): error TS2345: Argument of type '{ id: string; description: any; category: string; priority: any; context: any; }' is not assignable to parameter of type 'string'.
backups/lopez-it-welt-backup_/src/agents/complianceAgentService.ts(215,33): error TS2339: Property 'execution_time' does not exist on type '{ success: boolean; result?: any; error?: string | undefined; }'.
backups/lopez-it-welt-backup_/src/agents/complianceAgentService.ts(216,32): error TS2339: Property 'rules_applied' does not exist on type '{ success: boolean; result?: any; error?: string | undefined; }'.
backups/lopez-it-welt-backup_/src/agents/complianceAgentService.ts(298,50): error TS2345: Argument of type '{ id: any; description: any; category: any; priority: any; context: any; }' is not assignable to parameter of type 'string'.
backups/lopez-it-welt-backup_/src/app/admin/tickets/page.tsx(4,22): error TS2307: Cannot find module '@/components/Features/Card' or its corresponding type declarations.
backups/lopez-it-welt-backup_/src/app/admin/tickets/page.tsx(299,21): error TS2322: Type '{ children: string; onClick: () => void; variante: string; groesse: string; }' is not assignable to type 'IntrinsicAttributes & ButtonProps & RefAttributes<HTMLButtonElement>'.
  Property 'variante' does not exist on type 'IntrinsicAttributes & ButtonProps & RefAttributes<HTMLButtonElement>'. Did you mean 'variant'?
backups/lopez-it-welt-backup_/src/app/admin/tickets/page.tsx(309,23): error TS2322: Type '{ children: string; onClick: () => Promise<void>; groesse: string; }' is not assignable to type 'IntrinsicAttributes & ButtonProps & RefAttributes<HTMLButtonElement>'.
  Property 'groesse' does not exist on type 'IntrinsicAttributes & ButtonProps & RefAttributes<HTMLButtonElement>'.
backups/lopez-it-welt-backup_/src/app/admin/tickets/page.tsx(317,23): error TS2322: Type '{ children: string; onClick: () => Promise<void>; variante: string; groesse: string; }' is not assignable to type 'IntrinsicAttributes & ButtonProps & RefAttributes<HTMLButtonElement>'.
  Property 'variante' does not exist on type 'IntrinsicAttributes & ButtonProps & RefAttributes<HTMLButtonElement>'. Did you mean 'variant'?
backups/lopez-it-welt-backup_/src/app/admin/tickets/page.tsx(338,17): error TS2322: Type '{ children: string; onClick: () => void; variante: string; groesse: string; }' is not assignable to type 'IntrinsicAttributes & ButtonProps & RefAttributes<HTMLButtonElement>'.
  Property 'variante' does not exist on type 'IntrinsicAttributes & ButtonProps & RefAttributes<HTMLButtonElement>'. Did you mean 'variant'?
backups/lopez-it-welt-backup_/src/app/admin/tickets/page.tsx(406,19): error TS2322: Type '{ children: string; onClick: () => void; disabled: boolean; variante: string; }' is not assignable to type 'IntrinsicAttributes & ButtonProps & RefAttributes<HTMLButtonElement>'.
  Property 'variante' does not exist on type 'IntrinsicAttributes & ButtonProps & RefAttributes<HTMLButtonElement>'. Did you mean 'variant'?
backups/lopez-it-welt-backup_/src/app/admin/tickets/page.tsx(415,19): error TS2322: Type '{ children: string; onClick: () => void; variante: string; }' is not assignable to type 'IntrinsicAttributes & ButtonProps & RefAttributes<HTMLButtonElement>'.
  Property 'variante' does not exist on type 'IntrinsicAttributes & ButtonProps & RefAttributes<HTMLButtonElement>'. Did you mean 'variant'?
backups/lopez-it-welt-backup_/src/components/layout/MainLayout.tsx(22,15): error TS2322: Type '{ showFooter: boolean; }' is not assignable to type 'IntrinsicAttributes'.
  Property 'showFooter' does not exist on type 'IntrinsicAttributes'.
backups/lopez-it-welt-backup_/src/components/ui/Heading.tsx(46,8): error TS2322: Type '{ children: ReactNode; defaultChecked?: boolean | undefined; defaultValue?: string | number | readonly string[] | undefined; suppressContentEditableWarning?: boolean | undefined; ... 273 more ...; className: string; }' is not assignable to type 'SVGProps<SVGSymbolElement>'.
  Types of property 'onCopy' are incompatible.
    Type 'ClipboardEventHandler<HTMLHeadingElement> | undefined' is not assignable to type 'ClipboardEventHandler<SVGSymbolElement> | undefined'.
      Type 'ClipboardEventHandler<HTMLHeadingElement>' is not assignable to type 'ClipboardEventHandler<SVGSymbolElement>'.
        Type 'HTMLHeadingElement' is missing the following properties from type 'SVGSymbolElement': ownerSVGElement, viewportElement, preserveAspectRatio, viewBox
backups/lopez-it-welt-backup_/src/components/ui/Heading.tsx(47,9): error TS2590: Expression produces a union type that is too complex to represent.
backups/lopez-it-welt-backup_/src/lib/agents/compliance-agent.ts(27,14): error TS2515: Non-abstract class 'ComplianceAgent' does not implement inherited abstract member executeTask from class 'KIAgent'.
backups/lopez-it-welt-backup_/src/lib/agents/memory-integration-agent.ts(20,9): error TS2416: Property 'executeTask' in type 'MemoryIntegrationAgent' is not assignable to the same property in base type 'KIAgent'.
  Type '(task: KITask) => Promise<KITaskResult>' is not assignable to type '(task: string) => Promise<{ success: boolean; result?: any; error?: string | undefined; }>'.
    Types of parameters 'task' and 'task' are incompatible.
      Type 'string' is not assignable to type 'KITask'.
backups/lopez-it-welt-backup_/src/lib/agents/memory-integration-agent.ts(26,20): error TS2339: Property 'type' does not exist on type 'KITask'.
backups/lopez-it-welt-backup_/src/lib/agents/memory-integration-agent.ts(38,23): error TS2339: Property 'createFailedResult' does not exist on type 'MemoryIntegrationAgent'.
backups/lopez-it-welt-backup_/src/lib/agents/memory-integration-agent.ts(38,74): error TS2339: Property 'type' does not exist on type 'KITask'.
backups/lopez-it-welt-backup_/src/lib/agents/memory-integration-agent.ts(41,19): error TS2339: Property 'createFailedResult' does not exist on type 'MemoryIntegrationAgent'.
backups/lopez-it-welt-backup_/src/lib/agents/memory-integration-agent.ts(53,9): error TS2739: Type '{ message: string; rules_loaded: true; }' is missing the following properties from type 'TaskExecutionResult': rules_applied, agent
backups/lopez-it-welt-backup_/src/lib/agents/memory-integration-agent.ts(59,19): error TS2339: Property 'createFailedResult' does not exist on type 'MemoryIntegrationAgent'.
backups/lopez-it-welt-backup_/src/lib/agents/memory-integration-agent.ts(65,52): error TS2339: Property 'data' does not exist on type 'KITask'.
backups/lopez-it-welt-backup_/src/lib/agents/memory-integration-agent.ts(75,9): error TS2739: Type '{ is_compliant: boolean; score: number; violations: string[]; applied_rules: number; }' is missing the following properties from type 'TaskExecutionResult': message, rules_applied, agent
backups/lopez-it-welt-backup_/src/lib/agents/memory-integration-agent.ts(83,19): error TS2339: Property 'createFailedResult' does not exist on type 'MemoryIntegrationAgent'.
backups/lopez-it-welt-backup_/src/lib/agents/memory-integration-agent.ts(97,16): error TS2339: Property 'data' does not exist on type 'KITask'.
backups/lopez-it-welt-backup_/src/lib/agents/memory-integration-agent.ts(109,9): error TS2739: Type '{ session_id: number; message: string; }' is missing the following properties from type 'TaskExecutionResult': rules_applied, agent
backups/lopez-it-welt-backup_/src/lib/agents/memory-integration-agent.ts(115,19): error TS2339: Property 'createFailedResult' does not exist on type 'MemoryIntegrationAgent'.
backups/lopez-it-welt-backup_/src/lib/agents/memory-integration-agent.ts(127,9): error TS2739: Type '{ statistics: MemoryStatistics; message: string; }' is missing the following properties from type 'TaskExecutionResult': rules_applied, agent
backups/lopez-it-welt-backup_/src/lib/agents/memory-integration-agent.ts(133,19): error TS2339: Property 'createFailedResult' does not exist on type 'MemoryIntegrationAgent'.
backups/lopez-it-welt-backup_/src/lib/agents/memory-integration-agent.ts(187,9): error TS2739: Type '{ integration_tests: ({ test: string; success: boolean; count: number; } | { test: string; success: boolean; violations: number; })[]; message: string; }' is missing the following properties from type 'TaskExecutionResult': rules_applied, agent
backups/lopez-it-welt-backup_/src/lib/agents/memory-integration-agent.ts(193,19): error TS2339: Property 'createFailedResult' does not exist on type 'MemoryIntegrationAgent'.
backups/lopez-it-welt-backup_/src/lib/agents/quality-agent.ts(28,14): error TS2515: Non-abstract class 'QualityAgent' does not implement inherited abstract member executeTask from class 'KIAgent'.
backups/lopez-it-welt-backup_/src/lib/agents/text-management-agent.ts(26,14): error TS2515: Non-abstract class 'TextManagementAgent' does not implement inherited abstract member executeTask from class 'KIAgent'.
backups/lopez-it-welt-backup_/src/lib/agents/text-management-agent.ts(198,27): error TS7006: Parameter 'match' implicitly has an 'any' type.
backups/lopez-it-welt-backup_/src/lib/agents/text-management-agent.ts(280,27): error TS7006: Parameter 'match' implicitly has an 'any' type.
backups/lopez-it-welt-backup_/src/lib/dsgvo-enforcement.ts(4,10): error TS2305: Module '"./compliance-system-mysql"' has no exported member 'createComplianceSystemMySQL'.
backups/lopez-it-welt-backup_/src/lib/ki-agent.ts(96,9): error TS2416: Property 'executeTask' in type 'ComplianceAgent' is not assignable to the same property in base type 'KIAgent'.
  Type '(task: KITask) => Promise<KITaskResult>' is not assignable to type '(task: string) => Promise<{ success: boolean; result?: any; error?: string | undefined; }>'.
    Types of parameters 'task' and 'task' are incompatible.
      Type 'string' is not assignable to type 'KITask'.
backups/lopez-it-welt-backup_/src/lib/ki-agent.ts(100,12): error TS2339: Property 'validateTask' does not exist on type 'ComplianceAgent'.
backups/lopez-it-welt-backup_/src/lib/ki-agent.ts(103,36): error TS2339: Property 'startTaskSession' does not exist on type 'ComplianceAgent'.
backups/lopez-it-welt-backup_/src/lib/ki-agent.ts(106,32): error TS2339: Property 'getRelevantRules' does not exist on type 'ComplianceAgent'.
backups/lopez-it-welt-backup_/src/lib/ki-agent.ts(110,16): error TS2339: Property 'config' does not exist on type 'ComplianceAgent'.
backups/lopez-it-welt-backup_/src/lib/ki-agent.ts(111,39): error TS2339: Property 'checkCompliance' does not exist on type 'ComplianceAgent'.
backups/lopez-it-welt-backup_/src/lib/ki-agent.ts(113,14): error TS18047: 'complianceResult' is possibly 'null'.
backups/lopez-it-welt-backup_/src/lib/ki-agent.ts(114,23): error TS2339: Property 'createFailedResult' does not exist on type 'ComplianceAgent'.
backups/lopez-it-welt-backup_/src/lib/ki-agent.ts(128,18): error TS2339: Property 'storeTaskMemory' does not exist on type 'ComplianceAgent'.
backups/lopez-it-welt-backup_/src/lib/ki-agent.ts(131,18): error TS2339: Property 'endTaskSession' does not exist on type 'ComplianceAgent'.
backups/lopez-it-welt-backup_/src/lib/ki-agent.ts(141,11): error TS2322: Type 'ComplianceResult | { is_compliant: true; rules: never[]; notes: string; score: number; }' is not assignable to type 'ComplianceResult'.
  Object literal may only specify known properties, and 'rules' does not exist in type 'ComplianceResult'.
backups/lopez-it-welt-backup_/src/lib/ki-agent.ts(152,19): error TS2339: Property 'createFailedResult' does not exist on type 'ComplianceAgent'.
backups/lopez-it-welt-backup_/src/lib/ki-agent.ts(184,14): error TS2515: Non-abstract class 'QualityAgent' does not implement inherited abstract member executeTask from class 'KIAgent'.
backups/lopez-it-welt-backup_/src/lib/ki-agent.ts(210,14): error TS2515: Non-abstract class 'DevelopmentAgent' does not implement inherited abstract member executeTask from class 'KIAgent'.
backups/lopez-it-welt-backup_/src/lib/ki-agent.ts(243,9): error TS2322: Type 'ComplianceAgent' is not assignable to type 'KIAgent'.
  Types of property 'executeTask' are incompatible.
    Type '(task: KITask) => Promise<KITaskResult>' is not assignable to type '(task: string) => Promise<{ success: boolean; result?: any; error?: string | undefined; }>'.
      Types of parameters 'task' and 'task' are incompatible.
        Type 'string' is not assignable to type 'KITask'.
backups/lopez-it-welt-backup_/src/lib/mdx.ts(2,20): error TS2307: Cannot find module 'gray-matter' or its corresponding type declarations.
backups/lopez-it-welt-backup_/src/scripts/test-ki-agents.ts(23,15): error TS2339: Property 'initialize' does not exist on type 'ComplianceAgent'.
backups/lopez-it-welt-backup_/src/scripts/test-ki-agents.ts(43,17): error TS2339: Property 'shutdown' does not exist on type 'ComplianceAgent'.
backups/lopez-it-welt-backup_/src/scripts/test-ki-agents.ts(51,15): error TS2339: Property 'initialize' does not exist on type 'QualityAgent'.
backups/lopez-it-welt-backup_/src/scripts/test-ki-agents.ts(62,44): error TS2345: Argument of type 'KITask' is not assignable to parameter of type 'string'.
backups/lopez-it-welt-backup_/src/scripts/test-ki-agents.ts(67,14): error TS2339: Property 'compliance_result' does not exist on type '{ success: boolean; result?: any; error?: string | undefined; }'.
backups/lopez-it-welt-backup_/src/scripts/test-ki-agents.ts(69,46): error TS2339: Property 'rules_applied' does not exist on type '{ success: boolean; result?: any; error?: string | undefined; }'.
backups/lopez-it-welt-backup_/src/scripts/test-ki-agents.ts(70,47): error TS2339: Property 'execution_time' does not exist on type '{ success: boolean; result?: any; error?: string | undefined; }'.
backups/lopez-it-welt-backup_/src/scripts/test-ki-agents.ts(74,17): error TS2339: Property 'shutdown' does not exist on type 'QualityAgent'.
backups/lopez-it-welt-backup_/src/scripts/test-ki-agents.ts(82,15): error TS2339: Property 'initialize' does not exist on type 'DevelopmentAgent'.
backups/lopez-it-welt-backup_/src/scripts/test-ki-agents.ts(93,44): error TS2345: Argument of type 'KITask' is not assignable to parameter of type 'string'.
backups/lopez-it-welt-backup_/src/scripts/test-ki-agents.ts(98,47): error TS2339: Property 'execution_time' does not exist on type '{ success: boolean; result?: any; error?: string | undefined; }'.
backups/lopez-it-welt-backup_/src/scripts/test-ki-agents.ts(102,17): error TS2339: Property 'shutdown' does not exist on type 'DevelopmentAgent'.
backups/lopez-it-welt-backup_/src/scripts/test-ki-agents.ts(110,15): error TS2339: Property 'initialize' does not exist on type 'ComplianceAgent'.
backups/lopez-it-welt-backup_/src/scripts/test-ki-agents.ts(114,31): error TS2339: Property 'getAgentStatistics' does not exist on type 'ComplianceAgent'.
backups/lopez-it-welt-backup_/src/scripts/test-ki-agents.ts(127,17): error TS2339: Property 'shutdown' does not exist on type 'ComplianceAgent'.
backups/lopez-it-welt-backup_/tests/home.spec.ts(1,30): error TS2307: Cannot find module '@playwright/test' or its corresponding type declarations.
backups/lopez-it-welt-backup_/tests/home.spec.ts(4,28): error TS7031: Binding element 'page' implicitly has an 'any' type.
backups/lopez-it-welt-backup_/tests/home.spec.ts(8,48): error TS7031: Binding element 'page' implicitly has an 'any' type.
backups/lopez-it-welt-backup_/tests/home.spec.ts(13,52): error TS7031: Binding element 'page' implicitly has an 'any' type.
backups/lopez-it-welt-backup_/tests/home.spec.ts(18,51): error TS7031: Binding element 'page' implicitly has an 'any' type.
backups/LopezITWelt_2025-07-01_14-49/cypress.config.ts(1,30): error TS2307: Cannot find module 'cypress' or its corresponding type declarations.
backups/LopezITWelt_2025-07-01_14-49/cypress.config.ts(16,21): error TS7006: Parameter 'on' implicitly has an 'any' type.
backups/LopezITWelt_2025-07-01_14-49/cypress.config.ts(16,25): error TS7006: Parameter 'config' implicitly has an 'any' type.
backups/LopezITWelt_2025-07-01_14-49/cypress/e2e/home.cy.ts(1,1): error TS2593: Cannot find name 'describe'. Do you need to install type definitions for a test runner? Try `npm i --save-dev @types/jest` or `npm i --save-dev @types/mocha` and then add 'jest' or 'mocha' to the types field in your tsconfig.
backups/LopezITWelt_2025-07-01_14-49/cypress/e2e/home.cy.ts(2,3): error TS2304: Cannot find name 'beforeEach'.
backups/LopezITWelt_2025-07-01_14-49/cypress/e2e/home.cy.ts(3,5): error TS2304: Cannot find name 'cy'.
backups/LopezITWelt_2025-07-01_14-49/cypress/e2e/home.cy.ts(6,3): error TS2593: Cannot find name 'it'. Do you need to install type definitions for a test runner? Try `npm i --save-dev @types/jest` or `npm i --save-dev @types/mocha` and then add 'jest' or 'mocha' to the types field in your tsconfig.
backups/LopezITWelt_2025-07-01_14-49/cypress/e2e/home.cy.ts(7,5): error TS2304: Cannot find name 'cy'.
backups/LopezITWelt_2025-07-01_14-49/cypress/e2e/home.cy.ts(10,3): error TS2593: Cannot find name 'it'. Do you need to install type definitions for a test runner? Try `npm i --save-dev @types/jest` or `npm i --save-dev @types/mocha` and then add 'jest' or 'mocha' to the types field in your tsconfig.
backups/LopezITWelt_2025-07-01_14-49/cypress/e2e/home.cy.ts(11,5): error TS2304: Cannot find name 'cy'.
backups/LopezITWelt_2025-07-01_14-49/cypress/e2e/home.cy.ts(12,5): error TS2304: Cannot find name 'cy'.
backups/LopezITWelt_2025-07-01_14-49/cypress/e2e/home.cy.ts(13,5): error TS2304: Cannot find name 'cy'.
backups/LopezITWelt_2025-07-01_14-49/cypress/e2e/home.cy.ts(16,3): error TS2593: Cannot find name 'it'. Do you need to install type definitions for a test runner? Try `npm i --save-dev @types/jest` or `npm i --save-dev @types/mocha` and then add 'jest' or 'mocha' to the types field in your tsconfig.
backups/LopezITWelt_2025-07-01_14-49/cypress/e2e/home.cy.ts(17,5): error TS2304: Cannot find name 'cy'.
backups/LopezITWelt_2025-07-01_14-49/cypress/e2e/home.cy.ts(18,5): error TS2304: Cannot find name 'cy'.
backups/LopezITWelt_2025-07-01_14-49/cypress/e2e/home.cy.ts(19,5): error TS2304: Cannot find name 'cy'.
backups/LopezITWelt_2025-07-01_14-49/cypress/e2e/home.cy.ts(20,5): error TS2304: Cannot find name 'cy'.
backups/LopezITWelt_2025-07-01_14-49/cypress/e2e/home.cy.ts(23,3): error TS2593: Cannot find name 'it'. Do you need to install type definitions for a test runner? Try `npm i --save-dev @types/jest` or `npm i --save-dev @types/mocha` and then add 'jest' or 'mocha' to the types field in your tsconfig.
backups/LopezITWelt_2025-07-01_14-49/cypress/e2e/home.cy.ts(24,5): error TS2304: Cannot find name 'cy'.
backups/LopezITWelt_2025-07-01_14-49/cypress/e2e/home.cy.ts(25,5): error TS2304: Cannot find name 'cy'.
backups/LopezITWelt_2025-07-01_14-49/cypress/e2e/home.cy.ts(28,3): error TS2593: Cannot find name 'it'. Do you need to install type definitions for a test runner? Try `npm i --save-dev @types/jest` or `npm i --save-dev @types/mocha` and then add 'jest' or 'mocha' to the types field in your tsconfig.
backups/LopezITWelt_2025-07-01_14-49/cypress/e2e/home.cy.ts(29,5): error TS2304: Cannot find name 'cy'.
backups/LopezITWelt_2025-07-01_14-49/cypress/e2e/home.cy.ts(30,5): error TS2304: Cannot find name 'cy'.
backups/LopezITWelt_2025-07-01_14-49/playwright.config.ts(1,39): error TS2307: Cannot find module '@playwright/test' or its corresponding type declarations.
backups/LopezITWelt_2025-07-01_14-49/src/app/admin/tickets/page.tsx(4,22): error TS2307: Cannot find module '@/components/Features/Card' or its corresponding type declarations.
backups/LopezITWelt_2025-07-01_14-49/src/app/admin/tickets/page.tsx(299,21): error TS2322: Type '{ children: string; onClick: () => void; variante: string; groesse: string; }' is not assignable to type 'IntrinsicAttributes & ButtonProps & RefAttributes<HTMLButtonElement>'.
  Property 'variante' does not exist on type 'IntrinsicAttributes & ButtonProps & RefAttributes<HTMLButtonElement>'. Did you mean 'variant'?
backups/LopezITWelt_2025-07-01_14-49/src/app/admin/tickets/page.tsx(309,23): error TS2322: Type '{ children: string; onClick: () => Promise<void>; groesse: string; }' is not assignable to type 'IntrinsicAttributes & ButtonProps & RefAttributes<HTMLButtonElement>'.
  Property 'groesse' does not exist on type 'IntrinsicAttributes & ButtonProps & RefAttributes<HTMLButtonElement>'.
backups/LopezITWelt_2025-07-01_14-49/src/app/admin/tickets/page.tsx(317,23): error TS2322: Type '{ children: string; onClick: () => Promise<void>; variante: string; groesse: string; }' is not assignable to type 'IntrinsicAttributes & ButtonProps & RefAttributes<HTMLButtonElement>'.
  Property 'variante' does not exist on type 'IntrinsicAttributes & ButtonProps & RefAttributes<HTMLButtonElement>'. Did you mean 'variant'?
backups/LopezITWelt_2025-07-01_14-49/src/app/admin/tickets/page.tsx(338,17): error TS2322: Type '{ children: string; onClick: () => void; variante: string; groesse: string; }' is not assignable to type 'IntrinsicAttributes & ButtonProps & RefAttributes<HTMLButtonElement>'.
  Property 'variante' does not exist on type 'IntrinsicAttributes & ButtonProps & RefAttributes<HTMLButtonElement>'. Did you mean 'variant'?
backups/LopezITWelt_2025-07-01_14-49/src/app/admin/tickets/page.tsx(406,19): error TS2322: Type '{ children: string; onClick: () => void; disabled: boolean; variante: string; }' is not assignable to type 'IntrinsicAttributes & ButtonProps & RefAttributes<HTMLButtonElement>'.
  Property 'variante' does not exist on type 'IntrinsicAttributes & ButtonProps & RefAttributes<HTMLButtonElement>'. Did you mean 'variant'?
backups/LopezITWelt_2025-07-01_14-49/src/app/admin/tickets/page.tsx(415,19): error TS2322: Type '{ children: string; onClick: () => void; variante: string; }' is not assignable to type 'IntrinsicAttributes & ButtonProps & RefAttributes<HTMLButtonElement>'.
  Property 'variante' does not exist on type 'IntrinsicAttributes & ButtonProps & RefAttributes<HTMLButtonElement>'. Did you mean 'variant'?
backups/LopezITWelt_2025-07-01_14-49/src/lib/mdx.ts(2,20): error TS2307: Cannot find module 'gray-matter' or its corresponding type declarations.
backups/LopezITWelt_2025-07-01_14-49/tests/home.spec.ts(1,30): error TS2307: Cannot find module '@playwright/test' or its corresponding type declarations.
backups/LopezITWelt_2025-07-01_14-49/tests/home.spec.ts(4,28): error TS7031: Binding element 'page' implicitly has an 'any' type.
backups/LopezITWelt_2025-07-01_14-49/tests/home.spec.ts(8,48): error TS7031: Binding element 'page' implicitly has an 'any' type.
backups/LopezITWelt_2025-07-01_14-49/tests/home.spec.ts(13,52): error TS7031: Binding element 'page' implicitly has an 'any' type.
backups/LopezITWelt_2025-07-01_14-49/tests/home.spec.ts(18,51): error TS7031: Binding element 'page' implicitly has an 'any' type.
backups/safe-2025-07-08T13-58-35-039Z/src/app/admin/tickets/page.tsx(4,22): error TS2307: Cannot find module '@/components/Features/Card' or its corresponding type declarations.
backups/safe-2025-07-08T13-58-35-039Z/src/app/admin/tickets/page.tsx(265,21): error TS2322: Type '{ children: string; onClick: () => void; variante: string; groesse: string; }' is not assignable to type 'IntrinsicAttributes & ButtonProps & RefAttributes<HTMLButtonElement>'.
  Property 'variante' does not exist on type 'IntrinsicAttributes & ButtonProps & RefAttributes<HTMLButtonElement>'. Did you mean 'variant'?
backups/safe-2025-07-08T13-58-35-039Z/src/app/admin/tickets/page.tsx(273,23): error TS2322: Type '{ children: string; onClick: () => Promise<void>; groesse: string; }' is not assignable to type 'IntrinsicAttributes & ButtonProps & RefAttributes<HTMLButtonElement>'.
  Property 'groesse' does not exist on type 'IntrinsicAttributes & ButtonProps & RefAttributes<HTMLButtonElement>'.
backups/safe-2025-07-08T13-58-35-039Z/src/app/admin/tickets/page.tsx(281,23): error TS2322: Type '{ children: string; onClick: () => Promise<void>; variante: string; groesse: string; }' is not assignable to type 'IntrinsicAttributes & ButtonProps & RefAttributes<HTMLButtonElement>'.
  Property 'variante' does not exist on type 'IntrinsicAttributes & ButtonProps & RefAttributes<HTMLButtonElement>'. Did you mean 'variant'?
backups/safe-2025-07-08T13-58-35-039Z/src/app/admin/tickets/page.tsx(300,63): error TS2322: Type '{ children: string; onClick: () => void; variante: string; groesse: string; }' is not assignable to type 'IntrinsicAttributes & ButtonProps & RefAttributes<HTMLButtonElement>'.
  Property 'variante' does not exist on type 'IntrinsicAttributes & ButtonProps & RefAttributes<HTMLButtonElement>'. Did you mean 'variant'?
backups/safe-2025-07-08T13-58-35-039Z/src/app/admin/tickets/page.tsx(358,19): error TS2322: Type '{ children: string; onClick: () => void; disabled: boolean; variante: string; }' is not assignable to type 'IntrinsicAttributes & ButtonProps & RefAttributes<HTMLButtonElement>'.
  Property 'variante' does not exist on type 'IntrinsicAttributes & ButtonProps & RefAttributes<HTMLButtonElement>'. Did you mean 'variant'?
backups/safe-2025-07-08T13-58-35-039Z/src/app/admin/tickets/page.tsx(367,19): error TS2322: Type '{ children: string; onClick: () => void; variante: string; }' is not assignable to type 'IntrinsicAttributes & ButtonProps & RefAttributes<HTMLButtonElement>'.
  Property 'variante' does not exist on type 'IntrinsicAttributes & ButtonProps & RefAttributes<HTMLButtonElement>'. Did you mean 'variant'?
backups/safe-2025-07-08T13-58-35-039Z/src/components/layout/MainLayout.tsx(19,15): error TS2322: Type '{ showFooter: boolean; }' is not assignable to type 'IntrinsicAttributes'.
  Property 'showFooter' does not exist on type 'IntrinsicAttributes'.
backups/safe-2025-07-08T13-58-35-039Z/src/components/ui/Heading.tsx(45,8): error TS2322: Type '{ children: ReactNode; defaultChecked?: boolean | undefined; defaultValue?: string | number | readonly string[] | undefined; suppressContentEditableWarning?: boolean | undefined; ... 273 more ...; className: string; }' is not assignable to type 'SVGProps<SVGSymbolElement>'.
  Types of property 'onCopy' are incompatible.
    Type 'ClipboardEventHandler<HTMLHeadingElement> | undefined' is not assignable to type 'ClipboardEventHandler<SVGSymbolElement> | undefined'.
      Type 'ClipboardEventHandler<HTMLHeadingElement>' is not assignable to type 'ClipboardEventHandler<SVGSymbolElement>'.
        Type 'HTMLHeadingElement' is missing the following properties from type 'SVGSymbolElement': ownerSVGElement, viewportElement, preserveAspectRatio, viewBox
backups/safe-2025-07-08T13-58-35-039Z/src/lib/agents/compliance-agent.ts(27,14): error TS2515: Non-abstract class 'ComplianceAgent' does not implement inherited abstract member executeTask from class 'KIAgent'.
backups/safe-2025-07-08T13-58-35-039Z/src/lib/agents/memory-integration-agent.ts(20,9): error TS2416: Property 'executeTask' in type 'MemoryIntegrationAgent' is not assignable to the same property in base type 'KIAgent'.
  Type '(task: KITask) => Promise<KITaskResult>' is not assignable to type '(task: string) => Promise<{ success: boolean; result?: any; error?: string | undefined; }>'.
    Types of parameters 'task' and 'task' are incompatible.
      Type 'string' is not assignable to type 'KITask'.
backups/safe-2025-07-08T13-58-35-039Z/src/lib/agents/memory-integration-agent.ts(26,20): error TS2339: Property 'type' does not exist on type 'KITask'.
backups/safe-2025-07-08T13-58-35-039Z/src/lib/agents/memory-integration-agent.ts(38,23): error TS2339: Property 'createFailedResult' does not exist on type 'MemoryIntegrationAgent'.
backups/safe-2025-07-08T13-58-35-039Z/src/lib/agents/memory-integration-agent.ts(38,74): error TS2339: Property 'type' does not exist on type 'KITask'.
backups/safe-2025-07-08T13-58-35-039Z/src/lib/agents/memory-integration-agent.ts(41,19): error TS2339: Property 'createFailedResult' does not exist on type 'MemoryIntegrationAgent'.
backups/safe-2025-07-08T13-58-35-039Z/src/lib/agents/memory-integration-agent.ts(53,9): error TS2739: Type '{ message: string; rules_loaded: true; }' is missing the following properties from type 'TaskExecutionResult': rules_applied, agent
backups/safe-2025-07-08T13-58-35-039Z/src/lib/agents/memory-integration-agent.ts(59,19): error TS2339: Property 'createFailedResult' does not exist on type 'MemoryIntegrationAgent'.
backups/safe-2025-07-08T13-58-35-039Z/src/lib/agents/memory-integration-agent.ts(65,52): error TS2339: Property 'data' does not exist on type 'KITask'.
backups/safe-2025-07-08T13-58-35-039Z/src/lib/agents/memory-integration-agent.ts(75,9): error TS2739: Type '{ is_compliant: boolean; score: number; violations: string[]; applied_rules: number; }' is missing the following properties from type 'TaskExecutionResult': message, rules_applied, agent
backups/safe-2025-07-08T13-58-35-039Z/src/lib/agents/memory-integration-agent.ts(83,19): error TS2339: Property 'createFailedResult' does not exist on type 'MemoryIntegrationAgent'.
backups/safe-2025-07-08T13-58-35-039Z/src/lib/agents/memory-integration-agent.ts(89,93): error TS2339: Property 'data' does not exist on type 'KITask'.
backups/safe-2025-07-08T13-58-35-039Z/src/lib/agents/memory-integration-agent.ts(101,9): error TS2739: Type '{ session_id: number; message: string; }' is missing the following properties from type 'TaskExecutionResult': rules_applied, agent
backups/safe-2025-07-08T13-58-35-039Z/src/lib/agents/memory-integration-agent.ts(107,19): error TS2339: Property 'createFailedResult' does not exist on type 'MemoryIntegrationAgent'.
backups/safe-2025-07-08T13-58-35-039Z/src/lib/agents/memory-integration-agent.ts(117,9): error TS2739: Type '{ statistics: MemoryStatistics; message: string; }' is missing the following properties from type 'TaskExecutionResult': rules_applied, agent
backups/safe-2025-07-08T13-58-35-039Z/src/lib/agents/memory-integration-agent.ts(123,19): error TS2339: Property 'createFailedResult' does not exist on type 'MemoryIntegrationAgent'.
backups/safe-2025-07-08T13-58-35-039Z/src/lib/agents/memory-integration-agent.ts(173,9): error TS2739: Type '{ integration_tests: ({ test: string; success: boolean; count: number; } | { test: string; success: boolean; violations: number; })[]; message: string; }' is missing the following properties from type 'TaskExecutionResult': rules_applied, agent
backups/safe-2025-07-08T13-58-35-039Z/src/lib/agents/memory-integration-agent.ts(179,19): error TS2339: Property 'createFailedResult' does not exist on type 'MemoryIntegrationAgent'.
backups/safe-2025-07-08T13-58-35-039Z/src/lib/agents/quality-agent.ts(28,14): error TS2515: Non-abstract class 'QualityAgent' does not implement inherited abstract member executeTask from class 'KIAgent'.
backups/safe-2025-07-08T13-58-35-039Z/src/lib/agents/text-management-agent.ts(26,14): error TS2515: Non-abstract class 'TextManagementAgent' does not implement inherited abstract member executeTask from class 'KIAgent'.
backups/safe-2025-07-08T13-58-35-039Z/src/lib/agents/text-management-agent.ts(195,28): error TS7006: Parameter 'match' implicitly has an 'any' type.
backups/safe-2025-07-08T13-58-35-039Z/src/lib/agents/text-management-agent.ts(273,28): error TS7006: Parameter 'match' implicitly has an 'any' type.
backups/safe-2025-07-08T13-58-35-039Z/src/lib/dsgvo-enforcement.ts(4,10): error TS2305: Module '"./compliance-system-mysql"' has no exported member 'createComplianceSystemMySQL'.
backups/safe-2025-07-08T13-58-35-039Z/src/lib/ki-agent.ts(96,9): error TS2416: Property 'executeTask' in type 'ComplianceAgent' is not assignable to the same property in base type 'KIAgent'.
  Type '(task: KITask) => Promise<KITaskResult>' is not assignable to type '(task: string) => Promise<{ success: boolean; result?: any; error?: string | undefined; }>'.
    Types of parameters 'task' and 'task' are incompatible.
      Type 'string' is not assignable to type 'KITask'.
backups/safe-2025-07-08T13-58-35-039Z/src/lib/ki-agent.ts(100,12): error TS2339: Property 'validateTask' does not exist on type 'ComplianceAgent'.
backups/safe-2025-07-08T13-58-35-039Z/src/lib/ki-agent.ts(103,36): error TS2339: Property 'startTaskSession' does not exist on type 'ComplianceAgent'.
backups/safe-2025-07-08T13-58-35-039Z/src/lib/ki-agent.ts(106,32): error TS2339: Property 'getRelevantRules' does not exist on type 'ComplianceAgent'.
backups/safe-2025-07-08T13-58-35-039Z/src/lib/ki-agent.ts(110,16): error TS2339: Property 'config' does not exist on type 'ComplianceAgent'.
backups/safe-2025-07-08T13-58-35-039Z/src/lib/ki-agent.ts(111,39): error TS2339: Property 'checkCompliance' does not exist on type 'ComplianceAgent'.
backups/safe-2025-07-08T13-58-35-039Z/src/lib/ki-agent.ts(113,14): error TS18047: 'complianceResult' is possibly 'null'.
backups/safe-2025-07-08T13-58-35-039Z/src/lib/ki-agent.ts(114,23): error TS2339: Property 'createFailedResult' does not exist on type 'ComplianceAgent'.
backups/safe-2025-07-08T13-58-35-039Z/src/lib/ki-agent.ts(128,18): error TS2339: Property 'storeTaskMemory' does not exist on type 'ComplianceAgent'.
backups/safe-2025-07-08T13-58-35-039Z/src/lib/ki-agent.ts(131,18): error TS2339: Property 'endTaskSession' does not exist on type 'ComplianceAgent'.
backups/safe-2025-07-08T13-58-35-039Z/src/lib/ki-agent.ts(141,11): error TS2322: Type 'ComplianceResult | { is_compliant: true; rules: never[]; notes: string; score: number; }' is not assignable to type 'ComplianceResult'.
  Object literal may only specify known properties, and 'rules' does not exist in type 'ComplianceResult'.
backups/safe-2025-07-08T13-58-35-039Z/src/lib/ki-agent.ts(152,19): error TS2339: Property 'createFailedResult' does not exist on type 'ComplianceAgent'.
backups/safe-2025-07-08T13-58-35-039Z/src/lib/ki-agent.ts(181,14): error TS2515: Non-abstract class 'QualityAgent' does not implement inherited abstract member executeTask from class 'KIAgent'.
backups/safe-2025-07-08T13-58-35-039Z/src/lib/ki-agent.ts(204,14): error TS2515: Non-abstract class 'DevelopmentAgent' does not implement inherited abstract member executeTask from class 'KIAgent'.
backups/safe-2025-07-08T13-58-35-039Z/src/lib/ki-agent.ts(234,9): error TS2322: Type 'ComplianceAgent' is not assignable to type 'KIAgent'.
  Types of property 'executeTask' are incompatible.
    Type '(task: KITask) => Promise<KITaskResult>' is not assignable to type '(task: string) => Promise<{ success: boolean; result?: any; error?: string | undefined; }>'.
      Types of parameters 'task' and 'task' are incompatible.
        Type 'string' is not assignable to type 'KITask'.
backups/safe-2025-07-08T13-58-35-039Z/src/lib/mdx.ts(2,20): error TS2307: Cannot find module 'gray-matter' or its corresponding type declarations.
backups/safe-2025-09-29T12-28-12-634Z/src/app/admin/content/header-footer/page.tsx(380,26): error TS2304: Cannot find name 'FaTrash'.
backups/safe-2025-09-29T12-28-12-634Z/src/app/admin/content/header-footer/page.tsx(409,30): error TS2304: Cannot find name 'FaTrash'.
backups/safe-2025-09-29T12-28-12-634Z/src/app/admin/content/header-footer/page.tsx(454,24): error TS2304: Cannot find name 'FaTrash'.
backups/safe-2025-09-29T12-28-12-634Z/src/app/admin/content/pages/page.tsx(299,18): error TS2304: Cannot find name 'FaFileAlt'.
backups/safe-2025-09-29T12-28-12-634Z/src/app/admin/tickets/page.tsx(265,21): error TS2322: Type '{ children: string; onClick: () => void; variante: string; groesse: string; }' is not assignable to type 'IntrinsicAttributes & ButtonProps & RefAttributes<HTMLButtonElement>'.
  Property 'variante' does not exist on type 'IntrinsicAttributes & ButtonProps & RefAttributes<HTMLButtonElement>'. Did you mean 'variant'?
backups/safe-2025-09-29T12-28-12-634Z/src/app/admin/tickets/page.tsx(273,23): error TS2322: Type '{ children: string; onClick: () => Promise<void>; groesse: string; }' is not assignable to type 'IntrinsicAttributes & ButtonProps & RefAttributes<HTMLButtonElement>'.
  Property 'groesse' does not exist on type 'IntrinsicAttributes & ButtonProps & RefAttributes<HTMLButtonElement>'.
backups/safe-2025-09-29T12-28-12-634Z/src/app/admin/tickets/page.tsx(281,23): error TS2322: Type '{ children: string; onClick: () => Promise<void>; variante: string; groesse: string; }' is not assignable to type 'IntrinsicAttributes & ButtonProps & RefAttributes<HTMLButtonElement>'.
  Property 'variante' does not exist on type 'IntrinsicAttributes & ButtonProps & RefAttributes<HTMLButtonElement>'. Did you mean 'variant'?
backups/safe-2025-09-29T12-28-12-634Z/src/app/admin/tickets/page.tsx(300,63): error TS2322: Type '{ children: string; onClick: () => void; variante: string; groesse: string; }' is not assignable to type 'IntrinsicAttributes & ButtonProps & RefAttributes<HTMLButtonElement>'.
  Property 'variante' does not exist on type 'IntrinsicAttributes & ButtonProps & RefAttributes<HTMLButtonElement>'. Did you mean 'variant'?
backups/safe-2025-09-29T12-28-12-634Z/src/app/admin/tickets/page.tsx(358,19): error TS2322: Type '{ children: string; onClick: () => void; disabled: boolean; variante: string; }' is not assignable to type 'IntrinsicAttributes & ButtonProps & RefAttributes<HTMLButtonElement>'.
  Property 'variante' does not exist on type 'IntrinsicAttributes & ButtonProps & RefAttributes<HTMLButtonElement>'. Did you mean 'variant'?
backups/safe-2025-09-29T12-28-12-634Z/src/app/admin/tickets/page.tsx(367,19): error TS2322: Type '{ children: string; onClick: () => void; variante: string; }' is not assignable to type 'IntrinsicAttributes & ButtonProps & RefAttributes<HTMLButtonElement>'.
  Property 'variante' does not exist on type 'IntrinsicAttributes & ButtonProps & RefAttributes<HTMLButtonElement>'. Did you mean 'variant'?
backups/safe-2025-09-29T12-28-12-634Z/src/app/api/admin/backup/route.ts(83,18): error TS7006: Parameter 'file' implicitly has an 'any' type.
backups/safe-2025-09-29T12-28-12-634Z/src/app/api/admin/backup/route.ts(84,15): error TS7006: Parameter 'file' implicitly has an 'any' type.
backups/safe-2025-09-29T12-28-12-634Z/src/app/api/admin/backup/route.ts(93,16): error TS7006: Parameter 'a' implicitly has an 'any' type.
backups/safe-2025-09-29T12-28-12-634Z/src/app/api/admin/backup/route.ts(93,19): error TS7006: Parameter 'b' implicitly has an 'any' type.
backups/safe-2025-09-29T12-28-12-634Z/src/app/api/admin/backup/route.ts(100,11): error TS2322: Type '{ timestamp: any; date: any; size: any; hash: any; valid: boolean; }' is not assignable to type 'null'.
backups/safe-2025-09-29T12-28-12-634Z/src/app/api/admin/backup/route.ts(116,18): error TS7006: Parameter 'file' implicitly has an 'any' type.
backups/safe-2025-09-29T12-28-12-634Z/src/app/api/admin/backup/route.ts(117,15): error TS7006: Parameter 'file' implicitly has an 'any' type.
backups/safe-2025-09-29T12-28-12-634Z/src/app/api/admin/backup/route.ts(126,16): error TS7006: Parameter 'a' implicitly has an 'any' type.
backups/safe-2025-09-29T12-28-12-634Z/src/app/api/admin/backup/route.ts(126,19): error TS7006: Parameter 'b' implicitly has an 'any' type.
backups/safe-2025-09-29T12-28-12-634Z/src/app/api/admin/backup/route.ts(133,11): error TS2322: Type '{ timestamp: any; date: any; size: any; hash: any; valid: boolean; }' is not assignable to type 'null'.
backups/safe-2025-09-29T12-28-12-634Z/src/app/api/admin/backup/route.ts(182,18): error TS7006: Parameter 'file' implicitly has an 'any' type.
backups/safe-2025-09-29T12-28-12-634Z/src/app/api/admin/backup/route.ts(183,15): error TS7006: Parameter 'file' implicitly has an 'any' type.
backups/safe-2025-09-29T12-28-12-634Z/src/app/api/admin/backup/route.ts(208,16): error TS7006: Parameter 'a' implicitly has an 'any' type.
backups/safe-2025-09-29T12-28-12-634Z/src/app/api/admin/backup/route.ts(208,19): error TS7006: Parameter 'b' implicitly has an 'any' type.
backups/safe-2025-09-29T12-28-12-634Z/src/app/api/admin/backup/route.ts(217,18): error TS7006: Parameter 'file' implicitly has an 'any' type.
backups/safe-2025-09-29T12-28-12-634Z/src/app/api/admin/backup/route.ts(218,15): error TS7006: Parameter 'file' implicitly has an 'any' type.
backups/safe-2025-09-29T12-28-12-634Z/src/app/api/admin/backup/route.ts(243,16): error TS7006: Parameter 'a' implicitly has an 'any' type.
backups/safe-2025-09-29T12-28-12-634Z/src/app/api/admin/backup/route.ts(243,19): error TS7006: Parameter 'b' implicitly has an 'any' type.
backups/safe-2025-09-29T12-28-12-634Z/src/app/api/admin/backup/route.ts(327,14): error TS18046: 'error' is of type 'unknown'.
backups/safe-2025-09-29T12-28-12-634Z/src/app/api/admin/customers/export/route.ts(145,39): error TS2769: No overload matches this call.
  The last overload gave the following error.
    Argument of type 'ArrayBuffer | Buffer<ArrayBufferLike> | Uint8Array<ArrayBufferLike>' is not assignable to parameter of type 'WithImplicitCoercion<string | ArrayLike<number>>'.
      Type 'ArrayBuffer' is not assignable to type 'WithImplicitCoercion<string | ArrayLike<number>>'.
backups/safe-2025-09-29T12-28-12-634Z/src/app/api/admin/customers/route.ts(325,14): error TS18047: 'aVal' is possibly 'null'.
backups/safe-2025-09-29T12-28-12-634Z/src/app/api/admin/customers/route.ts(325,21): error TS18047: 'bVal' is possibly 'null'.
backups/safe-2025-09-29T12-28-12-634Z/src/app/api/admin/customers/route.ts(327,14): error TS18047: 'aVal' is possibly 'null'.
backups/safe-2025-09-29T12-28-12-634Z/src/app/api/admin/customers/route.ts(327,21): error TS18047: 'bVal' is possibly 'null'.
backups/safe-2025-09-29T12-28-12-634Z/src/app/api/admin/init-database/route.ts(153,44): error TS2345: Argument of type '{ customer_type: "firma"; anrede: string; titel: string; vorname: string; nachname: string; firmenname: string; email: string; telefon: string; strasse: string; plz: string; ort: string; land: string; status: "aktiv"; support_level: "Premium"; notes: string; } | { ...; } | { ...; } | { ...; }' is not assignable to parameter of type 'Omit<Customer, "id" | "kundennummer" | "created_at" | "updated_at">'.
  Type '{ customer_type: "privat"; anrede: string; titel: null; vorname: string; nachname: string; firmenname: null; email: string; telefon: string; strasse: string; plz: string; ort: string; land: string; status: "aktiv"; support_level: "Standard"; notes: string; }' is not assignable to type 'Omit<Customer, "id" | "kundennummer" | "created_at" | "updated_at">'.
    Types of property 'firmenname' are incompatible.
      Type 'null' is not assignable to type 'string | undefined'.
backups/safe-2025-09-29T12-28-12-634Z/src/app/api/admin/utf8-fix/route.ts(136,62): error TS2339: Property 'link_url' does not exist on type '{ title: string; content: string; sort_order: number; } | { title: string; content: string; link_url: string; sort_order: number; } | { content: string; link_url: string; sort_order: number; title?: undefined; } | ... 4 more ... | { ...; }'.
  Property 'link_url' does not exist on type '{ title: string; content: string; sort_order: number; }'.
backups/safe-2025-09-29T12-28-12-634Z/src/app/api/auth/register/route.ts(59,39): error TS2345: Argument of type '{ email: any; password: any; first_name: any; last_name: any; company: any; phone: any; role: string; status: "active"; email_verified: true; two_factor_enabled: any; }' is not assignable to parameter of type 'Omit<DemoUser, "id" | "created_at">'.
  Property 'two_factor_setup_completed' is missing in type '{ email: any; password: any; first_name: any; last_name: any; company: any; phone: any; role: string; status: "active"; email_verified: true; two_factor_enabled: any; }' but required in type 'Omit<DemoUser, "id" | "created_at">'.
backups/safe-2025-09-29T12-28-12-634Z/src/app/api/auth/register/route.ts(105,30): error TS2304: Cannot find name 'mysql'.
backups/safe-2025-09-29T12-28-12-634Z/src/app/api/auth/register/route.ts(105,53): error TS2304: Cannot find name 'dbConfig'.
backups/safe-2025-09-29T12-28-12-634Z/src/app/api/contact/route.ts(1,10): error TS2724: '"@/lib/email-service"' has no exported member named 'emailService'. Did you mean 'EmailService'?
backups/safe-2025-09-29T12-28-12-634Z/src/app/api/content/footer/route.ts(26,66): error TS2345: Argument of type '{ id: any; title: any; content: any; link_url: any; sort_order: any; }' is not assignable to parameter of type 'never'.
backups/safe-2025-09-29T12-28-12-634Z/src/app/api/content/footer/route.ts(38,11): error TS2698: Spread types may only be created from object types.
backups/safe-2025-09-29T12-28-12-634Z/src/app/api/content/footer/route.ts(39,25): error TS2339: Property 'content' does not exist on type 'never'.
backups/safe-2025-09-29T12-28-12-634Z/src/app/api/content/footer/route.ts(45,11): error TS2698: Spread types may only be created from object types.
backups/safe-2025-09-29T12-28-12-634Z/src/app/api/content/footer/route.ts(46,25): error TS2339: Property 'content' does not exist on type 'never'.
backups/safe-2025-09-29T12-28-12-634Z/src/app/api/content/footer/route.ts(49,11): error TS2698: Spread types may only be created from object types.
backups/safe-2025-09-29T12-28-12-634Z/src/app/api/content/footer/route.ts(50,25): error TS2339: Property 'content' does not exist on type 'never'.
backups/safe-2025-09-29T12-28-12-634Z/src/app/api/content/footer/route.ts(53,11): error TS2698: Spread types may only be created from object types.
backups/safe-2025-09-29T12-28-12-634Z/src/app/api/content/footer/route.ts(54,25): error TS2339: Property 'content' does not exist on type 'never'.
backups/safe-2025-09-29T12-28-12-634Z/src/app/api/monitoring/status/route.ts(29,19): error TS7006: Parameter 'cpu' implicitly has an 'any' type.
backups/safe-2025-09-29T12-28-12-634Z/src/app/api/monitoring/status/route.ts(44,21): error TS7006: Parameter 'err' implicitly has an 'any' type.
backups/safe-2025-09-29T12-28-12-634Z/src/app/api/monitoring/status/route.ts(70,25): error TS7053: Element implicitly has an 'any' type because expression of type '0' can't be used to index type 'QueryResult'.
  Property '0' does not exist on type 'QueryResult'.
backups/safe-2025-09-29T12-28-12-634Z/src/app/api/monitoring/status/route.ts(79,27): error TS7053: Element implicitly has an 'any' type because expression of type '0' can't be used to index type 'QueryResult'.
  Property '0' does not exist on type 'QueryResult'.
backups/safe-2025-09-29T12-28-12-634Z/src/app/api/monitoring/status/route.ts(184,28): error TS7053: Element implicitly has an 'any' type because expression of type '0' can't be used to index type 'QueryResult'.
  Property '0' does not exist on type 'QueryResult'.
backups/safe-2025-09-29T12-28-12-634Z/src/app/api/shop/orders/route.ts(128,9): error TS2322: Type 'string' is not assignable to type '"pending" | "confirmed" | "shipped" | "delivered" | "cancelled"'.
backups/safe-2025-09-29T12-28-12-634Z/src/app/api/shop/tickets/route.ts(137,9): error TS2322: Type 'string' is not assignable to type '"open" | "in_progress" | "waiting_customer" | "resolved" | "closed"'.
backups/safe-2025-09-29T12-28-12-634Z/src/app/shop/quote-request/[uuid]/page.tsx(12,3): error TS2305: Module '"react-icons/fa"' has no exported member 'FaEuro'.
backups/safe-2025-09-29T12-28-12-634Z/src/components/admin/CustomerExportModal.tsx(185,67): error TS18046: 'error' is of type 'unknown'.
backups/safe-2025-09-29T12-28-12-634Z/src/components/admin/DocumentViewModal.tsx(73,30): error TS2339: Property 'createElement' does not exist on type 'Document'.
backups/safe-2025-09-29T12-28-12-634Z/src/components/admin/EnterpriseExportModal.tsx(71,9): error TS2322: Type '"technical-xlsx" | "technical-csv"' is not assignable to type '"csv" | "xlsx" | "pdf"'.
  Type '"technical-xlsx"' is not assignable to type '"csv" | "xlsx" | "pdf"'.
backups/safe-2025-09-29T12-28-12-634Z/src/components/admin/EnterpriseExportModal.tsx(99,38): error TS18046: 'error' is of type 'unknown'.
backups/safe-2025-09-29T12-28-12-634Z/src/components/admin/EnterpriseExportModal.tsx(205,57): error TS18046: 'error' is of type 'unknown'.
backups/safe-2025-09-29T12-28-12-634Z/src/components/Core/Hauptbereiche.tsx(99,35): error TS2322: Type '{ children: Element; bg: "darkblau"; divider: string; }' is not assignable to type 'IntrinsicAttributes & SectionWrapperProps'.
  Property 'divider' does not exist on type 'IntrinsicAttributes & SectionWrapperProps'.
backups/safe-2025-09-29T12-28-12-634Z/src/components/examples/ConsolidatedComponentsExample.tsx(77,26): error TS2322: Type '{ children: Element[]; cols: 2; gap: string; variant: string; items: number; }' is not assignable to type 'IntrinsicAttributes & GridProps'.
  Property 'gap' does not exist on type 'IntrinsicAttributes & GridProps'. Did you mean 'gapX'?
backups/safe-2025-09-29T12-28-12-634Z/src/components/examples/ConsolidatedComponentsExample.tsx(100,26): error TS2322: Type '{ children: Element[]; cols: 3; gap: string; }' is not assignable to type 'IntrinsicAttributes & GridProps'.
  Property 'gap' does not exist on type 'IntrinsicAttributes & GridProps'. Did you mean 'gapX'?
backups/safe-2025-09-29T12-28-12-634Z/src/components/examples/ConsolidatedComponentsExample.tsx(109,21): error TS2322: Type '{ features: string[]; variant: string; iconColor: string; textSize: "sm"; }' is not assignable to type 'IntrinsicAttributes & FeatureListProps'.
  Property 'variant' does not exist on type 'IntrinsicAttributes & FeatureListProps'.
backups/safe-2025-09-29T12-28-12-634Z/src/components/examples/ConsolidatedComponentsExample.tsx(132,56): error TS2322: Type '{ children: string; variant: "primary"; size: "lg"; glow: true; icon: string; iconPosition: string; }' is not assignable to type 'IntrinsicAttributes & ButtonProps'.
  Property 'icon' does not exist on type 'IntrinsicAttributes & ButtonProps'.
backups/safe-2025-09-29T12-28-12-634Z/src/components/examples/ConsolidatedComponentsExample.tsx(153,26): error TS2322: Type '{ children: Element[]; cols: 2; gap: string; }' is not assignable to type 'IntrinsicAttributes & GridProps'.
  Property 'gap' does not exist on type 'IntrinsicAttributes & GridProps'. Did you mean 'gapX'?
backups/safe-2025-09-29T12-28-12-634Z/src/components/layout/MainLayout.tsx(19,15): error TS2322: Type '{ showFooter: boolean; }' is not assignable to type 'IntrinsicAttributes'.
  Property 'showFooter' does not exist on type 'IntrinsicAttributes'.
backups/safe-2025-09-29T12-28-12-634Z/src/components/navigation/Sprachumschalter.tsx(60,9): error TS2322: Type '{ children: Element[]; onClick: () => void; "aria-expanded": boolean; "aria-haspopup": "listbox"; "aria-label": string; variante: string; groesse: string; className: string; }' is not assignable to type 'IntrinsicAttributes & ButtonProps & RefAttributes<HTMLButtonElement>'.
  Property 'variante' does not exist on type 'IntrinsicAttributes & ButtonProps & RefAttributes<HTMLButtonElement>'. Did you mean 'variant'?
backups/safe-2025-09-29T12-28-12-634Z/src/components/ui/Button.stories.tsx(1,37): error TS2307: Cannot find module '@storybook/react' or its corresponding type declarations.
backups/safe-2025-09-29T12-28-12-634Z/src/components/ui/Heading.tsx(45,8): error TS2322: Type '{ children: ReactNode; defaultChecked?: boolean | undefined; defaultValue?: string | number | readonly string[] | undefined; suppressContentEditableWarning?: boolean | undefined; ... 273 more ...; className: string; }' is not assignable to type 'SVGProps<SVGSymbolElement>'.
  Types of property 'onCopy' are incompatible.
    Type 'ClipboardEventHandler<HTMLHeadingElement> | undefined' is not assignable to type 'ClipboardEventHandler<SVGSymbolElement> | undefined'.
      Type 'ClipboardEventHandler<HTMLHeadingElement>' is not assignable to type 'ClipboardEventHandler<SVGSymbolElement>'.
        Type 'HTMLHeadingElement' is missing the following properties from type 'SVGSymbolElement': ownerSVGElement, viewportElement, preserveAspectRatio, viewBox
backups/safe-2025-09-29T12-28-12-634Z/src/lib/agents/compliance-agent.ts(27,14): error TS2515: Non-abstract class 'ComplianceAgent' does not implement inherited abstract member executeTask from class 'KIAgent'.
backups/safe-2025-09-29T12-28-12-634Z/src/lib/agents/memory-integration-agent.ts(20,9): error TS2416: Property 'executeTask' in type 'MemoryIntegrationAgent' is not assignable to the same property in base type 'KIAgent'.
  Type '(task: KITask) => Promise<KITaskResult>' is not assignable to type '(task: string) => Promise<{ success: boolean; result?: any; error?: string | undefined; }>'.
    Types of parameters 'task' and 'task' are incompatible.
      Type 'string' is not assignable to type 'KITask'.
backups/safe-2025-09-29T12-28-12-634Z/src/lib/agents/memory-integration-agent.ts(26,20): error TS2339: Property 'type' does not exist on type 'KITask'.
backups/safe-2025-09-29T12-28-12-634Z/src/lib/agents/memory-integration-agent.ts(38,23): error TS2339: Property 'createFailedResult' does not exist on type 'MemoryIntegrationAgent'.
backups/safe-2025-09-29T12-28-12-634Z/src/lib/agents/memory-integration-agent.ts(38,74): error TS2339: Property 'type' does not exist on type 'KITask'.
backups/safe-2025-09-29T12-28-12-634Z/src/lib/agents/memory-integration-agent.ts(41,19): error TS2339: Property 'createFailedResult' does not exist on type 'MemoryIntegrationAgent'.
backups/safe-2025-09-29T12-28-12-634Z/src/lib/agents/memory-integration-agent.ts(53,9): error TS2739: Type '{ message: string; rules_loaded: true; }' is missing the following properties from type 'TaskExecutionResult': rules_applied, agent
backups/safe-2025-09-29T12-28-12-634Z/src/lib/agents/memory-integration-agent.ts(59,19): error TS2339: Property 'createFailedResult' does not exist on type 'MemoryIntegrationAgent'.
backups/safe-2025-09-29T12-28-12-634Z/src/lib/agents/memory-integration-agent.ts(65,52): error TS2339: Property 'data' does not exist on type 'KITask'.
backups/safe-2025-09-29T12-28-12-634Z/src/lib/agents/memory-integration-agent.ts(75,9): error TS2739: Type '{ is_compliant: boolean; score: number; violations: string[]; applied_rules: number; }' is missing the following properties from type 'TaskExecutionResult': message, rules_applied, agent
backups/safe-2025-09-29T12-28-12-634Z/src/lib/agents/memory-integration-agent.ts(83,19): error TS2339: Property 'createFailedResult' does not exist on type 'MemoryIntegrationAgent'.
backups/safe-2025-09-29T12-28-12-634Z/src/lib/agents/memory-integration-agent.ts(89,93): error TS2339: Property 'data' does not exist on type 'KITask'.
backups/safe-2025-09-29T12-28-12-634Z/src/lib/agents/memory-integration-agent.ts(101,9): error TS2739: Type '{ session_id: number; message: string; }' is missing the following properties from type 'TaskExecutionResult': rules_applied, agent
backups/safe-2025-09-29T12-28-12-634Z/src/lib/agents/memory-integration-agent.ts(107,19): error TS2339: Property 'createFailedResult' does not exist on type 'MemoryIntegrationAgent'.
backups/safe-2025-09-29T12-28-12-634Z/src/lib/agents/memory-integration-agent.ts(117,9): error TS2739: Type '{ statistics: MemoryStatistics; message: string; }' is missing the following properties from type 'TaskExecutionResult': rules_applied, agent
backups/safe-2025-09-29T12-28-12-634Z/src/lib/agents/memory-integration-agent.ts(123,19): error TS2339: Property 'createFailedResult' does not exist on type 'MemoryIntegrationAgent'.
backups/safe-2025-09-29T12-28-12-634Z/src/lib/agents/memory-integration-agent.ts(173,9): error TS2739: Type '{ integration_tests: ({ test: string; success: boolean; count: number; } | { test: string; success: boolean; violations: number; })[]; message: string; }' is missing the following properties from type 'TaskExecutionResult': rules_applied, agent
backups/safe-2025-09-29T12-28-12-634Z/src/lib/agents/memory-integration-agent.ts(179,19): error TS2339: Property 'createFailedResult' does not exist on type 'MemoryIntegrationAgent'.
backups/safe-2025-09-29T12-28-12-634Z/src/lib/agents/quality-agent.ts(28,14): error TS2515: Non-abstract class 'QualityAgent' does not implement inherited abstract member executeTask from class 'KIAgent'.
backups/safe-2025-09-29T12-28-12-634Z/src/lib/agents/text-management-agent.ts(26,14): error TS2515: Non-abstract class 'TextManagementAgent' does not implement inherited abstract member executeTask from class 'KIAgent'.
backups/safe-2025-09-29T12-28-12-634Z/src/lib/agents/text-management-agent.ts(195,28): error TS7006: Parameter 'match' implicitly has an 'any' type.
backups/safe-2025-09-29T12-28-12-634Z/src/lib/agents/text-management-agent.ts(273,28): error TS7006: Parameter 'match' implicitly has an 'any' type.
backups/safe-2025-09-29T12-28-12-634Z/src/lib/alerting-service.ts(137,19): error TS2339: Property 'length' does not exist on type 'QueryResult'.
  Property 'length' does not exist on type 'ResultSetHeader'.
backups/safe-2025-09-29T12-28-12-634Z/src/lib/alerting-service.ts(202,18): error TS2339: Property 'length' does not exist on type 'QueryResult'.
  Property 'length' does not exist on type 'ResultSetHeader'.
backups/safe-2025-09-29T12-28-12-634Z/src/lib/alerting-service.ts(258,22): error TS2339: Property 'length' does not exist on type 'QueryResult'.
  Property 'length' does not exist on type 'ResultSetHeader'.
backups/safe-2025-09-29T12-28-12-634Z/src/lib/argon2-service.ts(17,16): error TS2724: '"D:/Projekte/lopez-it-welt/node_modules/argon2/argon2"' has no exported member named 'argon2id'. Did you mean 'argon2d'?
backups/safe-2025-09-29T12-28-12-634Z/src/lib/auth-service.ts(69,11): error TS2353: Object literal may only specify known properties, and 'user' does not exist in type 'AuthResult'.
backups/safe-2025-09-29T12-28-12-634Z/src/lib/auth-utils.ts(16,18): error TS2304: Cannot find name 'speakeasy'.
backups/safe-2025-09-29T12-28-12-634Z/src/lib/auth-utils.ts(30,10): error TS2304: Cannot find name 'speakeasy'.
backups/safe-2025-09-29T12-28-12-634Z/src/lib/basic-excel-generator.ts(492,76): error TS7053: Element implicitly has an 'any' type because expression of type 'string' can't be used to index type 'Customer'.
  No index signature with a parameter of type 'string' was found on type 'Customer'.
backups/safe-2025-09-29T12-28-12-634Z/src/lib/customer-service.ts(163,13): error TS7034: Variable 'updateFields' implicitly has type 'any[]' in some locations where its type cannot be determined.
backups/safe-2025-09-29T12-28-12-634Z/src/lib/customer-service.ts(180,23): error TS7005: Variable 'updateFields' implicitly has an 'any[]' type.
backups/safe-2025-09-29T12-28-12-634Z/src/lib/development-mode.ts(216,7): error TS2322: Type 'EnterpriseUser' is not assignable to type 'Record<string, unknown>'.
  Index signature for type 'string' is missing in type 'EnterpriseUser'.
backups/safe-2025-09-29T12-28-12-634Z/src/lib/development-mode.ts(216,53): error TS2345: Argument of type '{ username: string; email: string; email_external: string; email_internal: string; first_name: string; last_name: string; display_name: string; password: string; is_owner: boolean; is_admin: boolean; ... 4 more ...; domain_type: string; }' is not assignable to parameter of type 'CreateUserData'.
  Types of property 'domain_type' are incompatible.
    Type 'string' is not assignable to type '"external" | "internal" | undefined'.
backups/safe-2025-09-29T12-28-12-634Z/src/lib/dsgvo-enforcement.ts(4,10): error TS2305: Module '"./compliance-system-mysql"' has no exported member 'createComplianceSystemMySQL'.
backups/safe-2025-09-29T12-28-12-634Z/src/lib/email-config.ts(52,21): error TS2551: Property 'createTransporter' does not exist on type 'typeof import("D:/Projekte/lopez-it-welt/node_modules/@types/nodemailer/index")'. Did you mean 'createTransport'?
backups/safe-2025-09-29T12-28-12-634Z/src/lib/email-service.ts(38,35): error TS2551: Property 'createTransporter' does not exist on type 'typeof import("D:/Projekte/lopez-it-welt/node_modules/@types/nodemailer/index")'. Did you mean 'createTransport'?
backups/safe-2025-09-29T12-28-12-634Z/src/lib/exceljs-generator.ts(73,9): error TS2353: Object literal may only specify known properties, and 'tabRatio' does not exist in type 'WorkbookView'.
backups/safe-2025-09-29T12-28-12-634Z/src/lib/exceljs-generator.ts(100,9): error TS2322: Type 'number' is not assignable to type 'string'.
backups/safe-2025-09-29T12-28-12-634Z/src/lib/exceljs-generator.ts(102,11): error TS2322: Type '"svg" | "png"' is not assignable to type '"png" | "jpeg" | "gif"'.
  Type '"svg"' is not assignable to type '"png" | "jpeg" | "gif"'.
backups/safe-2025-09-29T12-28-12-634Z/src/lib/exceljs-generator.ts(118,27): error TS2345: Argument of type 'string' is not assignable to parameter of type 'number'.
backups/safe-2025-09-29T12-28-12-634Z/src/lib/exceljs-generator.ts(635,48): error TS2339: Property 'length' does not exist on type 'Buffer'.
backups/safe-2025-09-29T12-28-12-634Z/src/lib/exceljs-generator.ts(657,9): error TS2353: Object literal may only specify known properties, and 'tabRatio' does not exist in type 'WorkbookView'.
backups/safe-2025-09-29T12-28-12-634Z/src/lib/exceljs-generator.ts(671,76): error TS7053: Element implicitly has an 'any' type because expression of type 'string' can't be used to index type 'Customer'.
  No index signature with a parameter of type 'string' was found on type 'Customer'.
backups/safe-2025-09-29T12-28-12-634Z/src/lib/exceljs-generator.ts(717,48): error TS2339: Property 'length' does not exist on type 'Buffer'.
backups/safe-2025-09-29T12-28-12-634Z/src/lib/ki-agent.ts(96,9): error TS2416: Property 'executeTask' in type 'ComplianceAgent' is not assignable to the same property in base type 'KIAgent'.
  Type '(task: KITask) => Promise<KITaskResult>' is not assignable to type '(task: string) => Promise<{ success: boolean; result?: any; error?: string | undefined; }>'.
    Types of parameters 'task' and 'task' are incompatible.
      Type 'string' is not assignable to type 'KITask'.
backups/safe-2025-09-29T12-28-12-634Z/src/lib/ki-agent.ts(100,12): error TS2339: Property 'validateTask' does not exist on type 'ComplianceAgent'.
backups/safe-2025-09-29T12-28-12-634Z/src/lib/ki-agent.ts(103,36): error TS2339: Property 'startTaskSession' does not exist on type 'ComplianceAgent'.
backups/safe-2025-09-29T12-28-12-634Z/src/lib/ki-agent.ts(106,32): error TS2339: Property 'getRelevantRules' does not exist on type 'ComplianceAgent'.
backups/safe-2025-09-29T12-28-12-634Z/src/lib/ki-agent.ts(110,16): error TS2339: Property 'config' does not exist on type 'ComplianceAgent'.
backups/safe-2025-09-29T12-28-12-634Z/src/lib/ki-agent.ts(111,39): error TS2339: Property 'checkCompliance' does not exist on type 'ComplianceAgent'.
backups/safe-2025-09-29T12-28-12-634Z/src/lib/ki-agent.ts(113,14): error TS18047: 'complianceResult' is possibly 'null'.
backups/safe-2025-09-29T12-28-12-634Z/src/lib/ki-agent.ts(114,23): error TS2339: Property 'createFailedResult' does not exist on type 'ComplianceAgent'.
backups/safe-2025-09-29T12-28-12-634Z/src/lib/ki-agent.ts(128,18): error TS2339: Property 'storeTaskMemory' does not exist on type 'ComplianceAgent'.
backups/safe-2025-09-29T12-28-12-634Z/src/lib/ki-agent.ts(131,18): error TS2339: Property 'endTaskSession' does not exist on type 'ComplianceAgent'.
backups/safe-2025-09-29T12-28-12-634Z/src/lib/ki-agent.ts(141,11): error TS2322: Type 'ComplianceResult | { is_compliant: true; rules: never[]; notes: string; score: number; }' is not assignable to type 'ComplianceResult'.
  Object literal may only specify known properties, and 'rules' does not exist in type 'ComplianceResult'.
backups/safe-2025-09-29T12-28-12-634Z/src/lib/ki-agent.ts(152,19): error TS2339: Property 'createFailedResult' does not exist on type 'ComplianceAgent'.
backups/safe-2025-09-29T12-28-12-634Z/src/lib/ki-agent.ts(181,14): error TS2515: Non-abstract class 'QualityAgent' does not implement inherited abstract member executeTask from class 'KIAgent'.
backups/safe-2025-09-29T12-28-12-634Z/src/lib/ki-agent.ts(204,14): error TS2515: Non-abstract class 'DevelopmentAgent' does not implement inherited abstract member executeTask from class 'KIAgent'.
backups/safe-2025-09-29T12-28-12-634Z/src/lib/ki-agent.ts(234,9): error TS2322: Type 'ComplianceAgent' is not assignable to type 'KIAgent'.
  Types of property 'executeTask' are incompatible.
    Type '(task: KITask) => Promise<KITaskResult>' is not assignable to type '(task: string) => Promise<{ success: boolean; result?: any; error?: string | undefined; }>'.
      Types of parameters 'task' and 'task' are incompatible.
        Type 'string' is not assignable to type 'KITask'.
backups/safe-2025-09-29T12-28-12-634Z/src/lib/mdx.ts(2,20): error TS2307: Cannot find module 'gray-matter' or its corresponding type declarations.
backups/safe-2025-09-29T12-28-12-634Z/src/lib/monitoring-service.ts(556,53): error TS2769: No overload matches this call.
  Overload 1 of 3, '(callbackfn: (previousValue: 0 | 30 | 100 | 70, currentValue: 0 | 30 | 100 | 70, currentIndex: number, array: (0 | 30 | 100 | 70)[]) => 0 | 30 | 100 | 70, initialValue: 0 | 30 | 100 | 70): 0 | ... 2 more ... | 70', gave the following error.
    Type 'number' is not assignable to type '0 | 30 | 100 | 70'.
  Overload 2 of 3, '(callbackfn: (previousValue: 0 | 30 | 100 | 70, currentValue: 0 | 30 | 100 | 70, currentIndex: number, array: (0 | 30 | 100 | 70)[]) => 0 | 30 | 100 | 70, initialValue: 0 | 30 | 100 | 70): 0 | ... 2 more ... | 70', gave the following error.
    Type 'number' is not assignable to type '0 | 30 | 100 | 70'.
backups/safe-2025-09-29T12-28-12-634Z/src/lib/simple-excel.ts(489,76): error TS7053: Element implicitly has an 'any' type because expression of type 'string' can't be used to index type 'Customer'.
  No index signature with a parameter of type 'string' was found on type 'Customer'.
backups/safe-2025-09-29T12-28-12-634Z/src/lib/uuid-service.ts(58,28): error TS2339: Property 'readUInt16BE' does not exist on type 'Uint8Array<ArrayBuffer>'.
backups/safe-2025-09-29T12-28-12-634Z/src/lib/uuid-service.ts(59,28): error TS2339: Property 'readUInt16BE' does not exist on type 'Uint8Array<ArrayBuffer>'.
backups/safe-2025-09-29T12-28-12-634Z/src/lib/uuid-service.ts(60,28): error TS2339: Property 'readUInt16BE' does not exist on type 'Uint8Array<ArrayBuffer>'.
backups/safe-2025-09-29T12-28-12-634Z/src/lib/uuid-service.ts(61,28): error TS2339: Property 'readUInt16BE' does not exist on type 'Uint8Array<ArrayBuffer>'.
backups/safe-2025-09-29T12-28-12-634Z/src/lib/uuid-service.ts(62,28): error TS2339: Property 'readUInt16BE' does not exist on type 'Uint8Array<ArrayBuffer>'.
backups/safe-2025-09-29T12-28-12-634Z/src/lib/uuid-service.ts(168,12): error TS2304: Cannot find name 'randomBytes'.
backups/safe-2025-09-29T12-28-12-634Z/src/lib/uuid-service.ts(175,12): error TS2304: Cannot find name 'randomBytes'.
backups/safe-2025-09-29T12-28-12-634Z/src/lib/uuid-service.ts(182,12): error TS2304: Cannot find name 'randomBytes'.
cypress.config.ts(1,30): error TS2307: Cannot find module 'cypress' or its corresponding type declarations.
cypress.config.ts(16,21): error TS7006: Parameter 'on' implicitly has an 'any' type.
cypress.config.ts(16,25): error TS7006: Parameter 'config' implicitly has an 'any' type.
cypress/e2e/home.cy.ts(1,1): error TS2593: Cannot find name 'describe'. Do you need to install type definitions for a test runner? Try `npm i --save-dev @types/jest` or `npm i --save-dev @types/mocha` and then add 'jest' or 'mocha' to the types field in your tsconfig.
cypress/e2e/home.cy.ts(2,3): error TS2304: Cannot find name 'beforeEach'.
cypress/e2e/home.cy.ts(3,5): error TS2304: Cannot find name 'cy'.
cypress/e2e/home.cy.ts(6,3): error TS2593: Cannot find name 'it'. Do you need to install type definitions for a test runner? Try `npm i --save-dev @types/jest` or `npm i --save-dev @types/mocha` and then add 'jest' or 'mocha' to the types field in your tsconfig.
cypress/e2e/home.cy.ts(7,5): error TS2304: Cannot find name 'cy'.
cypress/e2e/home.cy.ts(10,3): error TS2593: Cannot find name 'it'. Do you need to install type definitions for a test runner? Try `npm i --save-dev @types/jest` or `npm i --save-dev @types/mocha` and then add 'jest' or 'mocha' to the types field in your tsconfig.
cypress/e2e/home.cy.ts(11,5): error TS2304: Cannot find name 'cy'.
cypress/e2e/home.cy.ts(12,5): error TS2304: Cannot find name 'cy'.
cypress/e2e/home.cy.ts(13,5): error TS2304: Cannot find name 'cy'.
cypress/e2e/home.cy.ts(16,3): error TS2593: Cannot find name 'it'. Do you need to install type definitions for a test runner? Try `npm i --save-dev @types/jest` or `npm i --save-dev @types/mocha` and then add 'jest' or 'mocha' to the types field in your tsconfig.
cypress/e2e/home.cy.ts(17,5): error TS2304: Cannot find name 'cy'.
cypress/e2e/home.cy.ts(18,5): error TS2304: Cannot find name 'cy'.
cypress/e2e/home.cy.ts(19,5): error TS2304: Cannot find name 'cy'.
cypress/e2e/home.cy.ts(20,5): error TS2304: Cannot find name 'cy'.
cypress/e2e/home.cy.ts(23,3): error TS2593: Cannot find name 'it'. Do you need to install type definitions for a test runner? Try `npm i --save-dev @types/jest` or `npm i --save-dev @types/mocha` and then add 'jest' or 'mocha' to the types field in your tsconfig.
cypress/e2e/home.cy.ts(24,5): error TS2304: Cannot find name 'cy'.
cypress/e2e/home.cy.ts(25,5): error TS2304: Cannot find name 'cy'.
cypress/e2e/home.cy.ts(28,3): error TS2593: Cannot find name 'it'. Do you need to install type definitions for a test runner? Try `npm i --save-dev @types/jest` or `npm i --save-dev @types/mocha` and then add 'jest' or 'mocha' to the types field in your tsconfig.
cypress/e2e/home.cy.ts(29,5): error TS2304: Cannot find name 'cy'.
cypress/e2e/home.cy.ts(30,5): error TS2304: Cannot find name 'cy'.
playwright.config.ts(1,39): error TS2307: Cannot find module '@playwright/test' or its corresponding type declarations.
playwright.config.ts(142,3): error TS1117: An object literal cannot have multiple properties with the same name.
playwright.config.ts(160,3): error TS1117: An object literal cannot have multiple properties with the same name.
playwright.config.ts(204,3): error TS1117: An object literal cannot have multiple properties with the same name.
playwright.config.ts(209,3): error TS1117: An object literal cannot have multiple properties with the same name.
playwright.config.ts(214,3): error TS1117: An object literal cannot have multiple properties with the same name.
playwright.config.ts(223,3): error TS1117: An object literal cannot have multiple properties with the same name.
playwright.config.ts(228,3): error TS1117: An object literal cannot have multiple properties with the same name.
playwright.config.ts(233,3): error TS1117: An object literal cannot have multiple properties with the same name.
playwright.config.ts(238,3): error TS1117: An object literal cannot have multiple properties with the same name.
playwright.config.ts(243,3): error TS1117: An object literal cannot have multiple properties with the same name.
playwright.config.ts(248,3): error TS1117: An object literal cannot have multiple properties with the same name.
playwright.config.ts(253,3): error TS1117: An object literal cannot have multiple properties with the same name.
src/app/admin/audit-logs/page.tsx(592,13): error TS2322: Type 'FilterState' is not assignable to type 'Record<string, string>'.
  Index signature for type 'string' is missing in type 'FilterState'.
src/app/admin/marketing/linkedin-content-plan/page.tsx(24,23): error TS2307: Cannot find module 'remark-gfm' or its corresponding type declarations.
src/app/admin/monitoring/db/page.tsx(140,53): error TS2322: Type '"orange" | "gray" | "green" | "red" | "yellow"' is not assignable to type '"error" | "default" | "info" | "success" | "warning" | undefined'.
  Type '"orange"' is not assignable to type '"error" | "default" | "info" | "success" | "warning" | undefined'.
src/app/admin/monitoring/page.tsx(126,53): error TS2322: Type '"orange" | "gray" | "green" | "red" | "yellow"' is not assignable to type '"error" | "default" | "info" | "success" | "warning" | undefined'.
  Type '"orange"' is not assignable to type '"error" | "default" | "info" | "success" | "warning" | undefined'.
src/app/admin/monitoring/queue/page.tsx(104,80): error TS2322: Type '"green" | "red"' is not assignable to type '"error" | "default" | "info" | "success" | "warning" | undefined'.
  Type '"green"' is not assignable to type '"error" | "default" | "info" | "success" | "warning" | undefined'.
src/app/admin/office/invoices/[id]/page.tsx(347,15): error TS2322: Type '(updatedInvoice: Invoice) => Promise<void>' is not assignable to type '(invoice: Invoice) => Promise<void>'.
  Types of parameters 'updatedInvoice' and 'invoice' are incompatible.
    Type 'Invoice' is missing the following properties from type 'Invoice': net_amount, tax_amount, gross_amount, status, and 2 more.
src/app/admin/office/invoices/[id]/page.tsx(352,15): error TS2719: Type 'Invoice' is not assignable to type 'Invoice'. Two different types with this name exist, but they are unrelated.
  Types of property 'items' are incompatible.
    Type 'InvoiceItem[] | undefined' is not assignable to type 'InvoiceItem[] | undefined'. Two different types with this name exist, but they are unrelated.
      Type 'InvoiceItem[]' is not assignable to type 'InvoiceItem[]'. Two different types with this name exist, but they are unrelated.
        Type 'InvoiceItem' is not assignable to type 'InvoiceItem'. Two different types with this name exist, but they are unrelated.
          Types of property 'id' are incompatible.
            Type 'number | undefined' is not assignable to type 'number'.
              Type 'undefined' is not assignable to type 'number'.
src/app/admin/office/projects/page.tsx(225,79): error TS17001: JSX elements cannot have multiple attributes with the same name.
src/app/admin/policies/page.tsx(204,19): error TS2719: Type 'Policy | undefined' is not assignable to type 'Policy | undefined'. Two different types with this name exist, but they are unrelated.
  Property 'content' is missing in type 'Policy' but required in type 'Policy'.
src/app/admin/uoc/correlation/page.tsx(27,5): error TS2353: Object literal may only specify known properties, and 'minScore' does not exist in type 'CorrelationFilters | (() => CorrelationFilters)'.
src/app/admin/uoc/correlation/page.tsx(64,19): error TS2339: Property 'minScore' does not exist on type 'CorrelationFilters'.
src/app/admin/uoc/correlation/page.tsx(65,43): error TS2339: Property 'minScore' does not exist on type 'CorrelationFilters'.
src/app/api/admin/audit-logs/route.ts(191,29): error TS2347: Untyped function calls may not accept type arguments.
src/app/api/admin/audit-logs/route.ts(290,26): error TS2347: Untyped function calls may not accept type arguments.
src/app/api/admin/audit-logs/route.ts(329,29): error TS2347: Untyped function calls may not accept type arguments.
src/app/api/admin/audit-logs/route.ts(398,26): error TS2347: Untyped function calls may not accept type arguments.
src/app/api/admin/audit-logs/route.ts(452,34): error TS2347: Untyped function calls may not accept type arguments.
src/app/api/admin/backup/route.ts(83,18): error TS7006: Parameter 'file' implicitly has an 'any' type.
src/app/api/admin/backup/route.ts(84,15): error TS7006: Parameter 'file' implicitly has an 'any' type.
src/app/api/admin/backup/route.ts(93,16): error TS7006: Parameter 'a' implicitly has an 'any' type.
src/app/api/admin/backup/route.ts(93,19): error TS7006: Parameter 'b' implicitly has an 'any' type.
src/app/api/admin/backup/route.ts(100,11): error TS2322: Type '{ timestamp: any; date: any; size: any; hash: any; valid: boolean; }' is not assignable to type 'null'.
src/app/api/admin/backup/route.ts(116,18): error TS7006: Parameter 'file' implicitly has an 'any' type.
src/app/api/admin/backup/route.ts(117,15): error TS7006: Parameter 'file' implicitly has an 'any' type.
src/app/api/admin/backup/route.ts(126,16): error TS7006: Parameter 'a' implicitly has an 'any' type.
src/app/api/admin/backup/route.ts(126,19): error TS7006: Parameter 'b' implicitly has an 'any' type.
src/app/api/admin/backup/route.ts(133,11): error TS2322: Type '{ timestamp: any; date: any; size: any; hash: any; valid: boolean; }' is not assignable to type 'null'.
src/app/api/admin/backup/route.ts(182,18): error TS7006: Parameter 'file' implicitly has an 'any' type.
src/app/api/admin/backup/route.ts(183,15): error TS7006: Parameter 'file' implicitly has an 'any' type.
src/app/api/admin/backup/route.ts(208,16): error TS7006: Parameter 'a' implicitly has an 'any' type.
src/app/api/admin/backup/route.ts(208,19): error TS7006: Parameter 'b' implicitly has an 'any' type.
src/app/api/admin/backup/route.ts(217,18): error TS7006: Parameter 'file' implicitly has an 'any' type.
src/app/api/admin/backup/route.ts(218,15): error TS7006: Parameter 'file' implicitly has an 'any' type.
src/app/api/admin/backup/route.ts(243,16): error TS7006: Parameter 'a' implicitly has an 'any' type.
src/app/api/admin/backup/route.ts(243,19): error TS7006: Parameter 'b' implicitly has an 'any' type.
src/app/api/admin/backup/route.ts(327,14): error TS18046: 'error' is of type 'unknown'.
src/app/api/admin/backups/[id]/download/route.ts(46,7): error TS2322: Type 'string' is not assignable to type 'number'.
src/app/api/admin/backups/[id]/download/route.ts(106,31): error TS2345: Argument of type 'Buffer<ArrayBufferLike>' is not assignable to parameter of type 'BodyInit | null | undefined'.
  Type 'Buffer<ArrayBufferLike>' is missing the following properties from type 'URLSearchParams': size, append, delete, get, and 2 more.
src/app/api/admin/backups/[id]/restore/route.ts(46,7): error TS2322: Type 'string' is not assignable to type 'number'.
src/app/api/admin/backups/[id]/route.ts(46,7): error TS2322: Type 'string' is not assignable to type 'number'.
src/app/api/admin/backups/route.ts(61,7): error TS2322: Type 'string' is not assignable to type 'number'.
src/app/api/admin/backups/route.ts(174,7): error TS2322: Type 'string' is not assignable to type 'number'.
src/app/api/admin/create-admin/route.ts(33,51): error TS2345: Argument of type '{ query: string; values: never[]; }' is not assignable to parameter of type 'string'.
src/app/api/admin/create-admin/route.ts(44,49): error TS2345: Argument of type '{ query: string; values: string[]; }' is not assignable to parameter of type 'string'.
src/app/api/admin/create-admin/route.ts(51,34): error TS2345: Argument of type '{ query: string; values: string[]; }' is not assignable to parameter of type 'string'.
src/app/api/admin/create-admin/route.ts(61,51): error TS2345: Argument of type '{ query: string; values: string[]; }' is not assignable to parameter of type 'string'.
src/app/api/admin/create-admin/route.ts(71,51): error TS2345: Argument of type '{ query: string; values: string[]; }' is not assignable to parameter of type 'string'.
src/app/api/admin/debug-login/route.ts(23,43): error TS2345: Argument of type '{ query: string; values: never[]; }' is not assignable to parameter of type 'string'.
src/app/api/admin/debug-login/route.ts(35,45): error TS2345: Argument of type '{ query: string; values: never[]; }' is not assignable to parameter of type 'string'.
src/app/api/admin/debug-login/route.ts(52,47): error TS2345: Argument of type '{ query: string; values: string[]; }' is not assignable to parameter of type 'string'.
src/app/api/admin/debug-login/route.ts(67,49): error TS2345: Argument of type '{ query: string; values: string[]; }' is not assignable to parameter of type 'string'.
src/app/api/admin/debug-login/route.ts(83,49): error TS2345: Argument of type '{ query: string; values: string[]; }' is not assignable to parameter of type 'string'.
src/app/api/admin/debug-login/route.ts(145,48): error TS2345: Argument of type '{ query: string; values: never[]; }' is not assignable to parameter of type 'string'.
src/app/api/admin/fix-admin-user/route.ts(33,44): error TS2345: Argument of type '{ query: string; values: string[]; }' is not assignable to parameter of type 'string'.
src/app/api/admin/fix-admin-user/route.ts(48,46): error TS2345: Argument of type '{ query: string; values: string[]; }' is not assignable to parameter of type 'string'.
src/app/api/admin/fix-admin-user/route.ts(64,46): error TS2345: Argument of type '{ query: string; values: string[]; }' is not assignable to parameter of type 'string'.
src/app/api/admin/fix-admin-user/route.ts(84,32): error TS2345: Argument of type '{ query: string; values: any[]; }' is not assignable to parameter of type 'string'.
src/app/api/admin/fix-admin-user/route.ts(100,47): error TS2345: Argument of type '{ query: string; values: string[]; }' is not assignable to parameter of type 'string'.
src/app/api/admin/fix-admin-user/route.ts(117,49): error TS2345: Argument of type '{ query: string; values: string[]; }' is not assignable to parameter of type 'string'.
src/app/api/admin/invoices/[id]/pdf/route.ts(13,32): error TS2307: Cannot find module '@react-pdf/renderer' or its corresponding type declarations.
src/app/api/admin/invoices/[id]/pdf/route.ts(63,50): error TS2769: No overload matches this call.
  The last overload gave the following error.
    Type 'RowDataPacket' has no properties in common with type '{ company_name?: string | undefined; first_name?: string | undefined; last_name?: string | undefined; street?: string | undefined; postal_code?: string | undefined; city?: string | undefined; country?: string | undefined; email?: string | undefined; }'.
src/app/api/admin/invoices/[id]/pdf/route.ts(134,29): error TS2345: Argument of type 'Buffer<ArrayBufferLike>' is not assignable to parameter of type 'BodyInit | null | undefined'.
  Type 'Buffer<ArrayBufferLike>' is missing the following properties from type 'URLSearchParams': size, append, delete, get, and 2 more.
src/app/api/admin/me/2fa/reset/route.ts(74,9): error TS2322: Type '"2FA_RESET"' is not assignable to type '"INSERT" | "UPDATE" | "DELETE" | "LOGIN" | "LOGOUT" | "2FA_SETUP" | "2FA_VERIFY" | "PASSWORD_CHANGE" | "ROLE_ASSIGN" | "PERMISSION_GRANT"'.
src/app/api/admin/me/2fa/setup/route.ts(88,9): error TS2322: Type '"2FA_SETUP_STARTED"' is not assignable to type '"INSERT" | "UPDATE" | "DELETE" | "LOGIN" | "LOGOUT" | "2FA_SETUP" | "2FA_VERIFY" | "PASSWORD_CHANGE" | "ROLE_ASSIGN" | "PERMISSION_GRANT"'.
src/app/api/admin/me/2fa/verify/route.ts(76,9): error TS2322: Type '"2FA_ACTIVATED"' is not assignable to type '"INSERT" | "UPDATE" | "DELETE" | "LOGIN" | "LOGOUT" | "2FA_SETUP" | "2FA_VERIFY" | "PASSWORD_CHANGE" | "ROLE_ASSIGN" | "PERMISSION_GRANT"'.
src/app/api/admin/media/ai/analyze/route.ts(54,32): error TS2551: Property 'user_id' does not exist on type 'AdminSessionData'. Did you mean 'userId'?
src/app/api/admin/media/ai/analyze/route.ts(79,40): error TS2551: Property 'user_id' does not exist on type 'AdminSessionData'. Did you mean 'userId'?
src/app/api/admin/media/ai/analyze/route.ts(150,44): error TS2551: Property 'user_id' does not exist on type 'AdminSessionData'. Did you mean 'userId'?
src/app/api/admin/quick-setup/route.ts(33,51): error TS2345: Argument of type '{ query: string; values: never[]; }' is not assignable to parameter of type 'string'.
src/app/api/admin/quick-setup/route.ts(44,49): error TS2345: Argument of type '{ query: string; values: string[]; }' is not assignable to parameter of type 'string'.
src/app/api/admin/quick-setup/route.ts(51,34): error TS2345: Argument of type '{ query: string; values: string[]; }' is not assignable to parameter of type 'string'.
src/app/api/admin/quick-setup/route.ts(58,49): error TS2345: Argument of type '{ query: string; values: string[]; }' is not assignable to parameter of type 'string'.
src/app/api/admin/quick-setup/route.ts(79,32): error TS2345: Argument of type '{ query: string; values: string[]; }' is not assignable to parameter of type 'string'.
src/app/api/admin/reset-password/route.ts(33,42): error TS2345: Argument of type '{ query: string; values: any[]; }' is not assignable to parameter of type 'string'.
src/app/api/admin/reset-password/route.ts(49,28): error TS2345: Argument of type '{ query: string; values: any[]; }' is not assignable to parameter of type 'string'.
src/app/api/admin/security/2fa-reset/route.ts(64,9): error TS2322: Type '"2FA_RESET"' is not assignable to type '"INSERT" | "UPDATE" | "DELETE" | "LOGIN" | "LOGOUT" | "2FA_SETUP" | "2FA_VERIFY" | "PASSWORD_CHANGE" | "ROLE_ASSIGN" | "PERMISSION_GRANT"'.
src/app/api/admin/security/recheck/route.ts(99,11): error TS2322: Type '"RECHECK_FAILED"' is not assignable to type '"INSERT" | "UPDATE" | "DELETE" | "LOGIN" | "LOGOUT" | "2FA_SETUP" | "2FA_VERIFY" | "PASSWORD_CHANGE" | "ROLE_ASSIGN" | "PERMISSION_GRANT"'.
src/app/api/admin/security/recheck/route.ts(166,9): error TS2322: Type '"RECHECK_SUCCESS"' is not assignable to type '"INSERT" | "UPDATE" | "DELETE" | "LOGIN" | "LOGOUT" | "2FA_SETUP" | "2FA_VERIFY" | "PASSWORD_CHANGE" | "ROLE_ASSIGN" | "PERMISSION_GRANT"'.
src/app/api/admin/settings/ai/route.ts(20,39): error TS2345: Argument of type '{ query: string; values: never[]; }' is not assignable to parameter of type 'string'.
src/app/api/admin/settings/ai/route.ts(72,45): error TS2345: Argument of type '{ query: string; values: never[]; }' is not assignable to parameter of type 'string'.
src/app/api/admin/settings/ai/route.ts(79,30): error TS2345: Argument of type '{ query: string; values: any[]; }' is not assignable to parameter of type 'string'.
src/app/api/admin/settings/ai/route.ts(108,30): error TS2345: Argument of type '{ query: string; values: any[]; }' is not assignable to parameter of type 'string'.
src/app/api/admin/settings/company/route.ts(20,44): error TS2345: Argument of type '{ query: string; values: never[]; }' is not assignable to parameter of type 'string'.
src/app/api/admin/settings/company/route.ts(78,45): error TS2345: Argument of type '{ query: string; values: never[]; }' is not assignable to parameter of type 'string'.
src/app/api/admin/settings/company/route.ts(85,30): error TS2345: Argument of type '{ query: string; values: any[]; }' is not assignable to parameter of type 'string'.
src/app/api/admin/settings/company/route.ts(108,30): error TS2345: Argument of type '{ query: string; values: any[]; }' is not assignable to parameter of type 'string'.
src/app/api/admin/settings/notifications/route.ts(20,50): error TS2345: Argument of type '{ query: string; values: never[]; }' is not assignable to parameter of type 'string'.
src/app/api/admin/settings/notifications/route.ts(66,45): error TS2345: Argument of type '{ query: string; values: never[]; }' is not assignable to parameter of type 'string'.
src/app/api/admin/settings/notifications/route.ts(73,30): error TS2345: Argument of type '{ query: string; values: any[]; }' is not assignable to parameter of type 'string'.
src/app/api/admin/settings/notifications/route.ts(95,30): error TS2345: Argument of type '{ query: string; values: any[]; }' is not assignable to parameter of type 'string'.
src/app/api/admin/settings/notifications/templates/[id]/route.ts(23,28): error TS2345: Argument of type '{ query: string; values: any[]; }' is not assignable to parameter of type 'string'.
src/app/api/admin/settings/notifications/templates/route.ts(20,46): error TS2345: Argument of type '{ query: string; values: never[]; }' is not assignable to parameter of type 'string'.
src/app/api/admin/settings/profile/avatar/route.ts(53,28): error TS2345: Argument of type '{ query: string; values: (string | number)[]; }' is not assignable to parameter of type 'string'.
src/app/api/admin/settings/profile/login-history/route.ts(22,44): error TS2345: Argument of type '{ query: string; values: number[]; }' is not assignable to parameter of type 'string'.
src/app/api/admin/settings/profile/route.ts(22,44): error TS2345: Argument of type '{ query: string; values: number[]; }' is not assignable to parameter of type 'string'.
src/app/api/admin/settings/profile/route.ts(34,46): error TS2345: Argument of type '{ query: string; values: number[]; }' is not assignable to parameter of type 'string'.
src/app/api/admin/settings/profile/route.ts(81,28): error TS2345: Argument of type '{ query: string; values: any[]; }' is not assignable to parameter of type 'string'.
src/app/api/admin/settings/security/password-policy/route.ts(29,21): error TS2339: Property 'user' does not exist on type 'SessionData'.
src/app/api/admin/settings/security/route.ts(22,46): error TS2345: Argument of type '{ query: string; values: number[]; }' is not assignable to parameter of type 'string'.
src/app/api/admin/settings/security/tokens/[id]/route.ts(23,28): error TS2345: Argument of type '{ query: string; values: (string | number)[]; }' is not assignable to parameter of type 'string'.
src/app/api/admin/settings/security/tokens/route.ts(23,43): error TS2345: Argument of type '{ query: string; values: number[]; }' is not assignable to parameter of type 'string'.
src/app/api/admin/settings/security/tokens/route.ts(82,28): error TS2345: Argument of type '{ query: string; values: any[]; }' is not assignable to parameter of type 'string'.
src/app/api/admin/settings/system/status/route.ts(23,45): error TS2345: Argument of type '{ query: string; values: never[]; }' is not assignable to parameter of type 'string'.
src/app/api/admin/test-db/route.ts(19,43): error TS2345: Argument of type '{ query: string; values: never[]; }' is not assignable to parameter of type 'string'.
src/app/api/admin/test-db/route.ts(29,24): error TS2304: Cannot find name 'AggregateError'.
src/app/api/admin/test-db/route.ts(42,45): error TS2345: Argument of type '{ query: string; values: never[]; }' is not assignable to parameter of type 'string'.
src/app/api/admin/test-db/route.ts(64,46): error TS2345: Argument of type '{ query: string; values: string[]; }' is not assignable to parameter of type 'string'.
src/app/api/admin/test-db/route.ts(79,46): error TS2345: Argument of type '{ query: string; values: string[]; }' is not assignable to parameter of type 'string'.
src/app/api/admin/users/[id]/2fa/reset/route.ts(58,41): error TS2339: Property 'roles' does not exist on type 'User'.
src/app/api/admin/users/[id]/2fa/reset/route.ts(109,9): error TS2322: Type '"2FA_RESET_BY_ADMIN"' is not assignable to type '"INSERT" | "UPDATE" | "DELETE" | "LOGIN" | "LOGOUT" | "2FA_SETUP" | "2FA_VERIFY" | "PASSWORD_CHANGE" | "ROLE_ASSIGN" | "PERMISSION_GRANT"'.
src/app/api/admin/users/[id]/2fa/route.ts(64,41): error TS2339: Property 'roles' does not exist on type 'User'.
src/app/api/admin/users/[id]/2fa/route.ts(170,34): error TS2339: Property 'roles' does not exist on type 'User'.
src/app/api/admin/users/[id]/2fa/route.ts(205,9): error TS2322: Type '"2FA_DISABLED_BY_ADMIN"' is not assignable to type '"INSERT" | "UPDATE" | "DELETE" | "LOGIN" | "LOGOUT" | "2FA_SETUP" | "2FA_VERIFY" | "PASSWORD_CHANGE" | "ROLE_ASSIGN" | "PERMISSION_GRANT"'.
src/app/api/admin/users/[id]/2fa/setup/route.ts(57,41): error TS2339: Property 'roles' does not exist on type 'User'.
src/app/api/admin/users/[id]/2fa/setup/route.ts(114,9): error TS2322: Type '"2FA_SETUP_BY_ADMIN"' is not assignable to type '"INSERT" | "UPDATE" | "DELETE" | "LOGIN" | "LOGOUT" | "2FA_SETUP" | "2FA_VERIFY" | "PASSWORD_CHANGE" | "ROLE_ASSIGN" | "PERMISSION_GRANT"'.
src/app/api/admin/users/[id]/2fa/verify/route.ts(57,41): error TS2339: Property 'roles' does not exist on type 'User'.
src/app/api/admin/users/[id]/2fa/verify/route.ts(112,9): error TS2322: Type '"2FA_ACTIVATED_BY_ADMIN"' is not assignable to type '"INSERT" | "UPDATE" | "DELETE" | "LOGIN" | "LOGOUT" | "2FA_SETUP" | "2FA_VERIFY" | "PASSWORD_CHANGE" | "ROLE_ASSIGN" | "PERMISSION_GRANT"'.
src/app/api/auth/admin/login/route.ts(119,27): error TS2551: Property 'requires2FASetup' does not exist on type 'AdminAuthResult'. Did you mean 'requires2FA'?
src/app/api/auth/admin/login/route.ts(122,36): error TS2551: Property 'requires2FASetup' does not exist on type 'AdminAuthResult'. Did you mean 'requires2FA'?
src/app/api/auth/check-session/route.ts(59,11): error TS2322: Type '"SESSION_ACCESS"' is not assignable to type '"INSERT" | "UPDATE" | "DELETE" | "LOGIN" | "LOGOUT" | "2FA_SETUP" | "2FA_VERIFY" | "PASSWORD_CHANGE" | "ROLE_ASSIGN" | "PERMISSION_GRANT"'.
src/app/api/auth/check-session/route.ts(66,11): error TS2322: Type '"ACCESS"' is not assignable to type '"DATA_ACCESS" | "DATA_MODIFICATION" | "AUTHENTICATION" | "AUTHORIZATION" | "SYSTEM_CHANGE" | "SECURITY_EVENT"'.
src/app/api/auth/permissions/route.ts(35,30): error TS2339: Property 'user' does not exist on type 'SessionData'.
src/app/api/auth/permissions/route.ts(47,28): error TS2339: Property 'user' does not exist on type 'SessionData'.
src/app/api/dsgvo/approvals/[id]/approve/route.ts(48,13): error TS2322: Type 'string' is not assignable to type 'number'.
src/app/api/dsgvo/approvals/[id]/pdf/route.ts(49,13): error TS2322: Type 'string' is not assignable to type 'number'.
src/app/api/dsgvo/approvals/[id]/reject/route.ts(48,13): error TS2322: Type 'string' is not assignable to type 'number'.
src/app/api/dsgvo/approvals/[id]/route.ts(50,13): error TS2322: Type 'string' is not assignable to type 'number'.
src/app/api/dsgvo/approvals/[id]/route.ts(116,13): error TS2322: Type 'string' is not assignable to type 'number'.
src/app/api/dsgvo/approvals/route.ts(46,13): error TS2322: Type 'string' is not assignable to type 'number'.
src/app/api/dsgvo/approvals/route.ts(117,13): error TS2322: Type 'string' is not assignable to type 'number'.
src/app/api/invoices/route.ts(279,7): error TS2322: Type '"INVOICE_CREATE"' is not assignable to type '"INSERT" | "UPDATE" | "DELETE" | "LOGIN" | "LOGOUT" | "2FA_SETUP" | "2FA_VERIFY" | "PASSWORD_CHANGE" | "ROLE_ASSIGN" | "PERMISSION_GRANT"'.
src/app/api/invoices/route.ts(286,7): error TS2322: Type '"FINANCE"' is not assignable to type '"DATA_ACCESS" | "DATA_MODIFICATION" | "AUTHENTICATION" | "AUTHORIZATION" | "SYSTEM_CHANGE" | "SECURITY_EVENT"'.
src/app/api/orchestrator/alerts/[id]/ack/route.ts(42,13): error TS2322: Type 'string' is not assignable to type 'number'.
src/app/api/orchestrator/alerts/[id]/escalate/route.ts(42,13): error TS2322: Type 'string' is not assignable to type 'number'.
src/app/api/orchestrator/alerts/[id]/route.ts(61,13): error TS2322: Type 'string' is not assignable to type 'number'.
src/app/api/orchestrator/alerts/route.ts(63,13): error TS2322: Type 'string' is not assignable to type 'number'.
src/app/api/orchestrator/approvals/check/route.ts(39,13): error TS2322: Type 'string' is not assignable to type 'number'.
src/app/api/orchestrator/approvals/request/route.ts(39,13): error TS2322: Type 'string' is not assignable to type 'number'.
src/app/api/orchestrator/approvals/status/route.ts(40,13): error TS2322: Type 'string' is not assignable to type 'number'.
src/app/api/orchestrator/automation/disable/route.ts(39,13): error TS2322: Type 'string' is not assignable to type 'number'.
src/app/api/orchestrator/automation/enable/route.ts(39,13): error TS2322: Type 'string' is not assignable to type 'number'.
src/app/api/orchestrator/automation/stats/route.ts(39,13): error TS2322: Type 'string' is not assignable to type 'number'.
src/app/api/orchestrator/automation/status/route.ts(39,13): error TS2322: Type 'string' is not assignable to type 'number'.
src/app/api/orchestrator/events/[id]/route.ts(42,13): error TS2322: Type 'string' is not assignable to type 'number'.
src/app/api/orchestrator/events/route.ts(44,13): error TS2322: Type 'string' is not assignable to type 'number'.
src/app/api/orchestrator/events/route.ts(117,13): error TS2322: Type 'string' is not assignable to type 'number'.
src/app/api/orchestrator/incidents/[id]/resolve/route.ts(43,13): error TS2322: Type 'string' is not assignable to type 'number'.
src/app/api/orchestrator/incidents/[id]/route.ts(43,13): error TS2322: Type 'string' is not assignable to type 'number'.
src/app/api/orchestrator/incidents/[id]/route.ts(66,54): error TS2344: Type '{ id: string; title: string; }[]' does not satisfy the constraint 'QueryResult'.
  Type '{ id: string; title: string; }[]' is not assignable to type 'ResultSetHeader | OkPacket | RowDataPacket[] | ResultSetHeader[] | RowDataPacket[][] | OkPacket[]'.
    Type '{ id: string; title: string; }[]' is not assignable to type 'RowDataPacket[]'.
      Type '{ id: string; title: string; }' is not assignable to type 'RowDataPacket'.
        The types of 'constructor.name' are incompatible between these types.
          Type 'string' is not assignable to type '"RowDataPacket"'.
src/app/api/orchestrator/incidents/route.ts(44,13): error TS2322: Type 'string' is not assignable to type 'number'.
src/app/api/orchestrator/incidents/route.ts(117,13): error TS2322: Type 'string' is not assignable to type 'number'.
src/app/api/orchestrator/logs/[id]/route.ts(46,7): error TS2322: Type 'string' is not assignable to type 'number'.
src/app/api/orchestrator/logs/analytics/anomalies/route.ts(44,7): error TS2322: Type 'string' is not assignable to type 'number'.
src/app/api/orchestrator/logs/analytics/patterns/route.ts(44,7): error TS2322: Type 'string' is not assignable to type 'number'.
src/app/api/orchestrator/logs/analytics/trends/route.ts(44,7): error TS2322: Type 'string' is not assignable to type 'number'.
src/app/api/orchestrator/logs/route.ts(17,10): error TS2724: '"@/lib/ki-orchestrator/level2/ApprovalManager"' has no exported member named 'ApprovalManager'. Did you mean 'approvalManager'?
src/app/api/orchestrator/logs/route.ts(48,7): error TS2322: Type 'string' is not assignable to type 'number'.
src/app/api/orchestrator/logs/route.ts(87,7): error TS2353: Object literal may only specify known properties, and 'sort_order' does not exist in type 'SearchQuery'.
src/app/api/orchestrator/logs/search/route.ts(43,7): error TS2322: Type 'string' is not assignable to type 'number'.
src/app/api/orchestrator/metrics/ai-costs/route.ts(29,7): error TS2322: Type 'string' is not assignable to type 'number'.
src/app/api/orchestrator/metrics/api-performance/route.ts(35,34): error TS2576: Property 'validateSession' does not exist on type 'AdminAuthService'. Did you mean to access the static member 'AdminAuthService.validateSession' instead?
src/app/api/orchestrator/metrics/api-performance/route.ts(46,42): error TS2576: Property 'hasPermission' does not exist on type 'RBACService'. Did you mean to access the static member 'RBACService.hasPermission' instead?
src/app/api/orchestrator/metrics/db/route.ts(35,34): error TS2576: Property 'validateSession' does not exist on type 'AdminAuthService'. Did you mean to access the static member 'AdminAuthService.validateSession' instead?
src/app/api/orchestrator/metrics/db/route.ts(46,42): error TS2576: Property 'hasPermission' does not exist on type 'RBACService'. Did you mean to access the static member 'RBACService.hasPermission' instead?
src/app/api/orchestrator/metrics/health/route.ts(35,34): error TS2576: Property 'validateSession' does not exist on type 'AdminAuthService'. Did you mean to access the static member 'AdminAuthService.validateSession' instead?
src/app/api/orchestrator/metrics/health/route.ts(46,42): error TS2576: Property 'hasPermission' does not exist on type 'RBACService'. Did you mean to access the static member 'RBACService.hasPermission' instead?
src/app/api/orchestrator/metrics/live/route.ts(33,34): error TS2576: Property 'validateSession' does not exist on type 'AdminAuthService'. Did you mean to access the static member 'AdminAuthService.validateSession' instead?
src/app/api/orchestrator/metrics/live/route.ts(44,42): error TS2576: Property 'hasPermission' does not exist on type 'RBACService'. Did you mean to access the static member 'RBACService.hasPermission' instead?
src/app/api/orchestrator/metrics/queue/route.ts(35,34): error TS2576: Property 'validateSession' does not exist on type 'AdminAuthService'. Did you mean to access the static member 'AdminAuthService.validateSession' instead?
src/app/api/orchestrator/metrics/queue/route.ts(46,42): error TS2576: Property 'hasPermission' does not exist on type 'RBACService'. Did you mean to access the static member 'RBACService.hasPermission' instead?
src/app/api/orchestrator/metrics/system/route.ts(33,34): error TS2576: Property 'validateSession' does not exist on type 'AdminAuthService'. Did you mean to access the static member 'AdminAuthService.validateSession' instead?
src/app/api/orchestrator/metrics/system/route.ts(44,42): error TS2576: Property 'hasPermission' does not exist on type 'RBACService'. Did you mean to access the static member 'RBACService.hasPermission' instead?
src/app/api/orchestrator/status/queue/route.ts(39,13): error TS2322: Type 'string' is not assignable to type 'number'.
src/app/api/orchestrator/status/route.ts(42,13): error TS2322: Type 'string' is not assignable to type 'number'.
src/app/api/orchestrator/status/triggers/route.ts(40,13): error TS2322: Type 'string' is not assignable to type 'number'.
src/app/api/orchestrator/status/workflows/route.ts(40,13): error TS2322: Type 'string' is not assignable to type 'number'.
src/app/api/orchestrator/triggers/[id]/fire/route.ts(56,13): error TS2322: Type 'string' is not assignable to type 'number'.
src/app/api/orchestrator/triggers/[id]/route.ts(49,13): error TS2322: Type 'string' is not assignable to type 'number'.
src/app/api/orchestrator/triggers/[id]/route.ts(138,13): error TS2322: Type 'string' is not assignable to type 'number'.
src/app/api/orchestrator/triggers/[id]/route.ts(275,13): error TS2322: Type 'string' is not assignable to type 'number'.
src/app/api/orchestrator/triggers/route.ts(44,13): error TS2322: Type 'string' is not assignable to type 'number'.
src/app/api/orchestrator/triggers/route.ts(115,13): error TS2322: Type 'string' is not assignable to type 'number'.
src/app/api/orchestrator/uoc/correlations/route.ts(69,7): error TS2322: Type 'string' is not assignable to type 'number'.
src/app/api/orchestrator/uoc/correlations/route.ts(74,7): error TS2322: Type 'string' is not assignable to type 'number'.
src/app/api/orchestrator/uoc/correlations/route.ts(79,7): error TS2322: Type 'string' is not assignable to type 'number'.
src/app/api/orchestrator/uoc/correlations/route.ts(116,7): error TS2353: Object literal may only specify known properties, and 'minScore' does not exist in type 'CorrelationFilters'.
src/app/api/orchestrator/uoc/dashboard/route.ts(70,7): error TS2322: Type 'string' is not assignable to type 'number'.
src/app/api/orchestrator/uoc/dashboard/route.ts(75,7): error TS2322: Type 'string' is not assignable to type 'number'.
src/app/api/orchestrator/uoc/dashboard/route.ts(80,7): error TS2322: Type 'string' is not assignable to type 'number'.
src/app/api/orchestrator/uoc/root-cause/[incidentId]/route.ts(45,7): error TS2322: Type 'string' is not assignable to type 'number'.
src/app/api/orchestrator/uoc/root-cause/[incidentId]/route.ts(50,7): error TS2322: Type 'string' is not assignable to type 'number'.
src/app/api/orchestrator/uoc/root-cause/[incidentId]/route.ts(55,7): error TS2322: Type 'string' is not assignable to type 'number'.
src/app/api/orchestrator/uoc/stream/alerts/route.ts(38,7): error TS2322: Type 'string' is not assignable to type 'number'.
src/app/api/orchestrator/uoc/stream/events/route.ts(38,7): error TS2322: Type 'string' is not assignable to type 'number'.
src/app/api/orchestrator/uoc/stream/events/route.ts(43,7): error TS2322: Type 'string' is not assignable to type 'number'.
src/app/api/orchestrator/uoc/stream/events/route.ts(48,7): error TS2322: Type 'string' is not assignable to type 'number'.
src/app/api/orchestrator/uoc/stream/health/route.ts(38,7): error TS2322: Type 'string' is not assignable to type 'number'.
src/app/api/orchestrator/uoc/stream/logs/route.ts(38,7): error TS2322: Type 'string' is not assignable to type 'number'.
src/app/api/orchestrator/uoc/stream/metrics/route.ts(38,7): error TS2322: Type 'string' is not assignable to type 'number'.
src/app/api/orchestrator/uoc/timeline/route.ts(43,7): error TS2322: Type 'string' is not assignable to type 'number'.
src/app/api/orchestrator/uoc/timeline/route.ts(48,7): error TS2322: Type 'string' is not assignable to type 'number'.
src/app/api/orchestrator/uoc/timeline/route.ts(53,7): error TS2322: Type 'string' is not assignable to type 'number'.
src/app/api/orchestrator/workflows/[id]/executions/route.ts(42,13): error TS2322: Type 'string' is not assignable to type 'number'.
src/app/api/orchestrator/workflows/[id]/pause/route.ts(43,13): error TS2322: Type 'string' is not assignable to type 'number'.
src/app/api/orchestrator/workflows/[id]/resume/route.ts(43,13): error TS2322: Type 'string' is not assignable to type 'number'.
src/app/api/orchestrator/workflows/[id]/route.ts(48,13): error TS2322: Type 'string' is not assignable to type 'number'.
src/app/api/orchestrator/workflows/[id]/route.ts(145,13): error TS2322: Type 'string' is not assignable to type 'number'.
src/app/api/orchestrator/workflows/[id]/route.ts(260,13): error TS2322: Type 'string' is not assignable to type 'number'.
src/app/api/orchestrator/workflows/[id]/start/route.ts(49,13): error TS2322: Type 'string' is not assignable to type 'number'.
src/app/api/orchestrator/workflows/route.ts(44,13): error TS2322: Type 'string' is not assignable to type 'number'.
src/app/api/orchestrator/workflows/route.ts(113,13): error TS2322: Type 'string' is not assignable to type 'number'.
src/app/api/portal/rechnungen/[id]/download/route.ts(82,31): error TS2345: Argument of type 'Buffer<ArrayBufferLike>' is not assignable to parameter of type 'BodyInit | null | undefined'.
  Type 'Buffer<ArrayBufferLike>' is missing the following properties from type 'URLSearchParams': size, append, delete, get, and 2 more.
src/app/api/projects/route.ts(174,7): error TS2322: Type '"PROJECT_CREATE"' is not assignable to type '"INSERT" | "UPDATE" | "DELETE" | "LOGIN" | "LOGOUT" | "2FA_SETUP" | "2FA_VERIFY" | "PASSWORD_CHANGE" | "ROLE_ASSIGN" | "PERMISSION_GRANT"'.
src/app/api/projects/route.ts(181,7): error TS2322: Type '"DATA_CHANGE"' is not assignable to type '"DATA_ACCESS" | "DATA_MODIFICATION" | "AUTHENTICATION" | "AUTHORIZATION" | "SYSTEM_CHANGE" | "SECURITY_EVENT"'.
src/app/api/rag/query/route.ts(51,48): error TS2339: Property 'processingTime' does not exist on type '{ query: string; retrievalCount: number; generationTime?: number | undefined; retrievalTime?: number | undefined; }'.
src/components/admin/dashboard/DashboardConfig.tsx(289,30): error TS2339: Property 'role_name' does not exist on type 'DashboardConfig'.
src/components/admin/dashboard/DashboardConfig.tsx(372,30): error TS2322: Type '(widgetId: number | string) => Promise<void>' is not assignable to type '(widget: Widget) => void'.
  Types of parameters 'widgetId' and 'widget' are incompatible.
    Type 'Widget' is not assignable to type 'string | number'.
src/components/admin/help/HelpViewer.tsx(119,48): error TS2304: Cannot find name 'renderMarkdown'.
src/components/admin/media/ai/MediaAIMonitoringPanel.tsx(118,45): error TS2322: Type '{ status: "error" | "pending" | "completed" | "analyzing"; color: "orange" | "gray" | "green" | "red" | "yellow"; }' is not assignable to type 'IntrinsicAttributes & StatusBadgeProps'.
  Property 'color' does not exist on type 'IntrinsicAttributes & StatusBadgeProps'.
src/components/admin/media/ai/MediaAIMonitoringPanel.tsx(126,11): error TS2322: Type '"orange" | "gray" | "green" | "red" | "yellow"' is not assignable to type '"blue" | "green" | "red" | "yellow" | undefined'.
  Type '"orange"' is not assignable to type '"blue" | "green" | "red" | "yellow" | undefined'.
src/components/admin/privileges/PrivilegeMatrix.tsx(210,24): error TS2304: Cannot find name 'FaCheck'.
src/components/Core/Hauptbereiche.tsx(99,35): error TS2322: Type '{ children: Element; bg: "darkblau"; divider: string; }' is not assignable to type 'IntrinsicAttributes & SectionWrapperProps'.
  Property 'divider' does not exist on type 'IntrinsicAttributes & SectionWrapperProps'.
src/components/examples/ConsolidatedComponentsExample.tsx(77,26): error TS2322: Type '{ children: Element[]; cols: 2; gap: string; variant: string; items: number; }' is not assignable to type 'IntrinsicAttributes & GridProps'.
  Property 'gap' does not exist on type 'IntrinsicAttributes & GridProps'. Did you mean 'gapX'?
src/components/examples/ConsolidatedComponentsExample.tsx(100,26): error TS2322: Type '{ children: Element[]; cols: 3; gap: string; }' is not assignable to type 'IntrinsicAttributes & GridProps'.
  Property 'gap' does not exist on type 'IntrinsicAttributes & GridProps'. Did you mean 'gapX'?
src/components/examples/ConsolidatedComponentsExample.tsx(109,21): error TS2322: Type '{ features: string[]; variant: string; iconColor: string; textSize: "sm"; }' is not assignable to type 'IntrinsicAttributes & FeatureListProps'.
  Property 'variant' does not exist on type 'IntrinsicAttributes & FeatureListProps'.
src/components/examples/ConsolidatedComponentsExample.tsx(132,56): error TS2322: Type '{ children: string; variant: "primary"; size: "lg"; glow: true; icon: string; iconPosition: string; }' is not assignable to type 'IntrinsicAttributes & ButtonProps'.
  Property 'icon' does not exist on type 'IntrinsicAttributes & ButtonProps'.
src/components/examples/ConsolidatedComponentsExample.tsx(153,26): error TS2322: Type '{ children: Element[]; cols: 2; gap: string; }' is not assignable to type 'IntrinsicAttributes & GridProps'.
  Property 'gap' does not exist on type 'IntrinsicAttributes & GridProps'. Did you mean 'gapX'?
src/components/layout/MainLayout.tsx(19,15): error TS2322: Type '{ showFooter: boolean; }' is not assignable to type 'IntrinsicAttributes'.
  Property 'showFooter' does not exist on type 'IntrinsicAttributes'.
src/components/navigation/Sprachumschalter.tsx(60,9): error TS2322: Type '{ children: Element[]; onClick: () => void; "aria-expanded": boolean; "aria-haspopup": "listbox"; "aria-label": string; variante: string; groesse: string; className: string; }' is not assignable to type 'IntrinsicAttributes & ButtonProps & RefAttributes<HTMLButtonElement>'.
  Property 'variante' does not exist on type 'IntrinsicAttributes & ButtonProps & RefAttributes<HTMLButtonElement>'. Did you mean 'variant'?
src/components/orchestrator/uoc/APIPerformanceChart.tsx(98,72): error TS2322: Type 'Date | null' is not assignable to type 'Date | undefined'.
  Type 'null' is not assignable to type 'Date | undefined'.
src/components/orchestrator/uoc/APIPerformanceChart.tsx(126,15): error TS2322: Type '{ contentStyle: { backgroundColor: "white"; border: string; borderRadius: string; }; className: string; }' is not assignable to type 'IntrinsicAttributes & Omit<Props<ValueType, NameType>, PropertiesReadFromContext> & { ...; }'.
  Property 'className' does not exist on type 'IntrinsicAttributes & Omit<Props<ValueType, NameType>, PropertiesReadFromContext> & { ...; }'.
src/components/orchestrator/uoc/CorrelationView.tsx(40,21): error TS2339: Property 'minScore' does not exist on type 'CorrelationFilters'.
src/components/orchestrator/uoc/CorrelationView.tsx(41,45): error TS2339: Property 'minScore' does not exist on type 'CorrelationFilters'.
src/components/orchestrator/uoc/LiveUpdateToastContainer.tsx(91,13): error TS2322: Type '{ type: "alert" | "log" | "incident" | "metric" | "health"; data: Alert | Incident | Log | BaseMetric | SystemHealth; timestamp: Date; onDismiss: () => void; }' is not assignable to type 'IntrinsicAttributes & LiveUpdateCardProps'.
  Property 'type' does not exist on type 'IntrinsicAttributes & LiveUpdateCardProps'.
src/components/orchestrator/uoc/SystemHealthCard.tsx(47,74): error TS2322: Type 'Date | null' is not assignable to type 'Date | undefined'.
  Type 'null' is not assignable to type 'Date | undefined'.
src/components/orchestrator/uoc/UnifiedChart.tsx(63,15): error TS2322: Type '{ contentStyle: { backgroundColor: "white"; border: string; borderRadius: string; }; className: string; }' is not assignable to type 'IntrinsicAttributes & Omit<Props<ValueType, NameType>, PropertiesReadFromContext> & { ...; }'.
  Property 'className' does not exist on type 'IntrinsicAttributes & Omit<Props<ValueType, NameType>, PropertiesReadFromContext> & { ...; }'.
src/components/orchestrator/uoc/UnifiedChart.tsx(86,15): error TS2322: Type '{ contentStyle: { backgroundColor: "white"; border: string; borderRadius: string; }; className: string; }' is not assignable to type 'IntrinsicAttributes & Omit<Props<ValueType, NameType>, PropertiesReadFromContext> & { ...; }'.
  Property 'className' does not exist on type 'IntrinsicAttributes & Omit<Props<ValueType, NameType>, PropertiesReadFromContext> & { ...; }'.
src/components/orchestrator/uoc/UnifiedChart.tsx(109,15): error TS2322: Type '{ contentStyle: { backgroundColor: "white"; border: string; borderRadius: string; }; className: string; }' is not assignable to type 'IntrinsicAttributes & Omit<Props<ValueType, NameType>, PropertiesReadFromContext> & { ...; }'.
  Property 'className' does not exist on type 'IntrinsicAttributes & Omit<Props<ValueType, NameType>, PropertiesReadFromContext> & { ...; }'.
src/components/orchestrator/uoc/UnifiedLogList.tsx(13,20): error TS2305: Module '"@/lib/ki-orchestrator/level2/logs/types"' has no exported member 'LogFilters'.
src/components/orchestrator/uoc/UOCDashboard.tsx(161,53): error TS2322: Type 'Date | null' is not assignable to type 'Date | undefined'.
  Type 'null' is not assignable to type 'Date | undefined'.
src/components/orchestrator/uoc/UOCDashboard.tsx(198,11): error TS2322: Type '"orange"' is not assignable to type '"blue" | "green" | "red" | "yellow" | undefined'.
src/components/ui/Button.stories.tsx(1,37): error TS2307: Cannot find module '@storybook/react' or its corresponding type declarations.
src/components/ui/Heading.tsx(45,8): error TS2322: Type '{ children: ReactNode; defaultChecked?: boolean | undefined; defaultValue?: string | number | readonly string[] | undefined; suppressContentEditableWarning?: boolean | undefined; ... 273 more ...; className: string; }' is not assignable to type 'SVGProps<SVGSymbolElement>'.
  Types of property 'onCopy' are incompatible.
    Type 'ClipboardEventHandler<HTMLHeadingElement> | undefined' is not assignable to type 'ClipboardEventHandler<SVGSymbolElement> | undefined'.
      Type 'ClipboardEventHandler<HTMLHeadingElement>' is not assignable to type 'ClipboardEventHandler<SVGSymbolElement>'.
        Type 'HTMLHeadingElement' is missing the following properties from type 'SVGSymbolElement': ownerSVGElement, viewportElement, preserveAspectRatio, viewBox
src/lib/admin-auth-service.ts(157,11): error TS2561: Object literal may only specify known properties, but 'requires2FASetup' does not exist in type 'AdminAuthResult'. Did you mean to write 'requires2FA'?
src/lib/agent-system.ts(948,46): error TS2353: Object literal may only specify known properties, and 'modulesUpdated' does not exist in type '{ tablesCreated: string[]; modulesInserted: number; }'.
src/lib/ai-center/settings-service.ts(154,11): error TS2322: Type 'any' is not assignable to type 'never'.
src/lib/ai/providers/openai-provider.ts(27,14): error TS2564: Property 'name' has no initializer and is not definitely assigned in the constructor.
src/lib/customer/invoice-pdf.tsx(15,8): error TS2307: Cannot find module '@react-pdf/renderer' or its corresponding type declarations.
src/lib/dev-orchestrator/agent-a-planner.ts(100,43): error TS2339: Property 'complete' does not exist on type 'AiProvider'.
src/lib/dev-orchestrator/agent-b-builder.ts(107,41): error TS2339: Property 'chat' does not exist on type 'AiProvider'.
src/lib/dev-orchestrator/agent-c-reviewer.ts(123,41): error TS2339: Property 'chat' does not exist on type 'AiProvider'.
src/lib/dsgvo/approval-service.ts(332,80): error TS2345: Argument of type 'unknown' is not assignable to parameter of type 'LogContext | undefined'.
src/lib/dsgvo/approval-service.ts(441,76): error TS2345: Argument of type 'unknown' is not assignable to parameter of type 'LogContext | undefined'.
src/lib/hooks/useUOCAlertsStream.ts(58,13): error TS2561: Object literal may only specify known properties, but 'acknowledged' does not exist in type 'Alert'. Did you mean to write 'acknowledged_at'?
src/lib/hooks/useUOCEventsStream.ts(70,15): error TS2561: Object literal may only specify known properties, but 'acknowledged' does not exist in type 'Alert'. Did you mean to write 'acknowledged_at'?
src/lib/ki-orchestrator/level2/alerts/AlertEngine.ts(167,47): error TS2344: Type 'Alert[]' does not satisfy the constraint 'QueryResult'.
  Type 'Alert[]' is not assignable to type 'ResultSetHeader | OkPacket | RowDataPacket[] | ResultSetHeader[] | RowDataPacket[][] | OkPacket[]'.
    Type 'Alert[]' is not assignable to type 'RowDataPacket[]'.
      Type 'Alert' is not assignable to type 'RowDataPacket'.
        The types of 'constructor.name' are incompatible between these types.
          Type 'string' is not assignable to type '"RowDataPacket"'.
src/lib/ki-orchestrator/level2/alerts/AlertEngine.ts(332,52): error TS2344: Type '{ total: number; }[]' does not satisfy the constraint 'QueryResult'.
  Type '{ total: number; }[]' is not assignable to type 'ResultSetHeader | OkPacket | RowDataPacket[] | ResultSetHeader[] | RowDataPacket[][] | OkPacket[]'.
    Type '{ total: number; }[]' is not assignable to type 'RowDataPacket[]'.
      Type '{ total: number; }' is not assignable to type 'RowDataPacket'.
        The types of 'constructor.name' are incompatible between these types.
          Type 'string' is not assignable to type '"RowDataPacket"'.
src/lib/ki-orchestrator/level2/alerts/AlertEngine.ts(346,47): error TS2344: Type 'Alert[]' does not satisfy the constraint 'QueryResult'.
  Type 'Alert[]' is not assignable to type 'ResultSetHeader | OkPacket | RowDataPacket[] | ResultSetHeader[] | RowDataPacket[][] | OkPacket[]'.
    Type 'Alert[]' is not assignable to type 'RowDataPacket[]'.
      Type 'Alert' is not assignable to type 'RowDataPacket'.
        The types of 'constructor.name' are incompatible between these types.
          Type 'string' is not assignable to type '"RowDataPacket"'.
src/lib/ki-orchestrator/level2/incidents/IncidentManager.ts(118,47): error TS2344: Type 'Incident[]' does not satisfy the constraint 'QueryResult'.
  Type 'Incident[]' is not assignable to type 'ResultSetHeader | OkPacket | RowDataPacket[] | ResultSetHeader[] | RowDataPacket[][] | OkPacket[]'.
    Type 'Incident[]' is not assignable to type 'RowDataPacket[]'.
      Type 'Incident' is not assignable to type 'RowDataPacket'.
        The types of 'constructor.name' are incompatible between these types.
          Type 'string' is not assignable to type '"RowDataPacket"'.
src/lib/ki-orchestrator/level2/incidents/IncidentManager.ts(313,47): error TS2344: Type 'IncidentEvent[]' does not satisfy the constraint 'QueryResult'.
  Type 'IncidentEvent[]' is not assignable to type 'ResultSetHeader | OkPacket | RowDataPacket[] | ResultSetHeader[] | RowDataPacket[][] | OkPacket[]'.
    Type 'IncidentEvent[]' is not assignable to type 'RowDataPacket[]'.
      Type 'IncidentEvent' is not assignable to type 'RowDataPacket'.
        The types of 'constructor.name' are incompatible between these types.
          Type 'string' is not assignable to type '"RowDataPacket"'.
src/lib/ki-orchestrator/level2/incidents/IncidentManager.ts(368,52): error TS2344: Type '{ total: number; }[]' does not satisfy the constraint 'QueryResult'.
  Type '{ total: number; }[]' is not assignable to type 'ResultSetHeader | OkPacket | RowDataPacket[] | ResultSetHeader[] | RowDataPacket[][] | OkPacket[]'.
    Type '{ total: number; }[]' is not assignable to type 'RowDataPacket[]'.
      Type '{ total: number; }' is not assignable to type 'RowDataPacket'.
        The types of 'constructor.name' are incompatible between these types.
          Type 'string' is not assignable to type '"RowDataPacket"'.
src/lib/ki-orchestrator/level2/incidents/IncidentManager.ts(382,47): error TS2344: Type 'Incident[]' does not satisfy the constraint 'QueryResult'.
  Type 'Incident[]' is not assignable to type 'ResultSetHeader | OkPacket | RowDataPacket[] | ResultSetHeader[] | RowDataPacket[][] | OkPacket[]'.
    Type 'Incident[]' is not assignable to type 'RowDataPacket[]'.
      Type 'Incident' is not assignable to type 'RowDataPacket'.
        The types of 'constructor.name' are incompatible between these types.
          Type 'string' is not assignable to type '"RowDataPacket"'.
src/lib/ki-orchestrator/level2/incidents/IncidentManager.ts(438,9): error TS2322: Type 'string | null | undefined' is not assignable to type 'string | null'.
  Type 'undefined' is not assignable to type 'string | null'.
src/lib/ki-orchestrator/level2/incidents/IncidentManager.ts(439,9): error TS2322: Type 'string | null | undefined' is not assignable to type 'string | null'.
  Type 'undefined' is not assignable to type 'string | null'.
src/lib/ki-orchestrator/level2/logs/LogEnricher.ts(46,16): error TS2339: Property 'security_relevant' does not exist on type '{ enriched_at: string; enrichment_version: string; }'.
src/lib/ki-orchestrator/level2/logs/LogEnricher.ts(49,16): error TS2339: Property 'dsgvo_relevant' does not exist on type '{ enriched_at: string; enrichment_version: string; }'.
src/lib/ki-orchestrator/level2/logs/LogEnricher.ts(52,16): error TS2339: Property 'critical' does not exist on type '{ enriched_at: string; enrichment_version: string; }'.
src/lib/ki-orchestrator/level2/logs/LogRuleRegistry.ts(7,75): error TS2305: Module '"./types"' has no exported member 'MetricPriority'.
src/lib/ki-orchestrator/level2/logs/pipeline/LogPipeline.ts(119,9): error TS2322: Type '"Compliance" | "Performance" | "Systemintegrit├ñt" | "Sicherheit" | "Datenqualit├ñt"' is not assignable to type 'AlertCategory'.
  Type '"Sicherheit"' is not assignable to type 'AlertCategory'.
src/lib/ki-orchestrator/level2/uoc/clients/LogClient.ts(7,20): error TS2305: Module '"../../logs/types"' has no exported member 'LogFilters'.
src/lib/ki-orchestrator/level2/uoc/DataAggregator.ts(9,20): error TS2305: Module '"../logs/types"' has no exported member 'LogFilters'.
src/lib/ki-orchestrator/level2/uoc/types.ts(9,20): error TS2305: Module '"../logs/types"' has no exported member 'LogFilters'.
src/lib/ki-orchestrator/QueueManager.ts(34,36): error TS2307: Cannot find module 'ioredis' or its corresponding type declarations.
src/lib/ki-orchestrator/QueueManager.ts(40,36): error TS2307: Cannot find module 'bullmq' or its corresponding type declarations.
src/lib/ki-orchestrator/QueueManager.ts(45,80): error TS2345: Argument of type 'unknown' is not assignable to parameter of type 'LogContext | undefined'.
src/lib/ki-orchestrator/QueueManager.ts(69,23): error TS2347: Untyped function calls may not accept type arguments.
src/lib/ki-orchestrator/QueueManager.ts(158,24): error TS2347: Untyped function calls may not accept type arguments.
src/lib/ki-orchestrator/QueueManager.ts(160,20): error TS7006: Parameter 'job' implicitly has an 'any' type.
src/lib/ki-orchestrator/QueueManager.ts(170,33): error TS7006: Parameter 'job' implicitly has an 'any' type.
src/lib/ki-orchestrator/QueueManager.ts(174,30): error TS7006: Parameter 'job' implicitly has an 'any' type.
src/lib/ki-orchestrator/QueueManager.ts(174,35): error TS7006: Parameter 'err' implicitly has an 'any' type.
src/lib/rag/config/chroma.ts(69,9): error TS2322: Type 'unknown' is not assignable to type 'Error | null'.
src/lib/rag/config/chroma.ts(104,63): error TS2307: Cannot find module '@chroma-core/default-embed' or its corresponding type declarations.
src/lib/rag/services/EmbeddingService.ts(94,13): error TS2322: Type 'unknown[]' is not assignable to type 'number[]'.
  Type 'unknown' is not assignable to type 'number'.
src/lib/rag/services/RAGService.ts(47,17): error TS2322: Type '"rag_query"' is not assignable to type '"person_detection" | "analytics" | "media_ki" | "orchestrator_ki" | "profile_building"'.
src/lib/telemetry/engines/HealthEngine.ts(196,18): error TS2339: Property 'checked_at' does not exist on type 'SystemHealth | ComponentHealth'.
  Property 'checked_at' does not exist on type 'SystemHealth'.
tests/home.spec.ts(1,30): error TS2307: Cannot find module '@playwright/test' or its corresponding type declarations.
tests/home.spec.ts(4,28): error TS7031: Binding element 'page' implicitly has an 'any' type.
tests/home.spec.ts(8,48): error TS7031: Binding element 'page' implicitly has an 'any' type.
tests/home.spec.ts(13,52): error TS7031: Binding element 'page' implicitly has an 'any' type.
tests/home.spec.ts(18,51): error TS7031: Binding element 'page' implicitly has an 'any' type.
tests/smoke.admin.office.spec.ts(1,1): error TS2593: Cannot find name 'describe'. Do you need to install type definitions for a test runner? Try `npm i --save-dev @types/jest` or `npm i --save-dev @types/mocha` and then add 'jest' or 'mocha' to the types field in your tsconfig.
tests/smoke.admin.office.spec.ts(2,3): error TS2593: Cannot find name 'it'. Do you need to install type definitions for a test runner? Try `npm i --save-dev @types/jest` or `npm i --save-dev @types/mocha` and then add 'jest' or 'mocha' to the types field in your tsconfig.
tests/smoke.admin.office.spec.ts(3,5): error TS2304: Cannot find name 'expect'.
tests/smoke.admin.office.spec.ts(6,3): error TS2593: Cannot find name 'it'. Do you need to install type definitions for a test runner? Try `npm i --save-dev @types/jest` or `npm i --save-dev @types/mocha` and then add 'jest' or 'mocha' to the types field in your tsconfig.
tests/smoke.admin.office.spec.ts(7,5): error TS2304: Cannot find name 'expect'.
tests/smoke.api.office.spec.ts(6,1): error TS2593: Cannot find name 'describe'. Do you need to install type definitions for a test runner? Try `npm i --save-dev @types/jest` or `npm i --save-dev @types/mocha` and then add 'jest' or 'mocha' to the types field in your tsconfig.
tests/smoke.api.office.spec.ts(10,3): error TS2593: Cannot find name 'it'. Do you need to install type definitions for a test runner? Try `npm i --save-dev @types/jest` or `npm i --save-dev @types/mocha` and then add 'jest' or 'mocha' to the types field in your tsconfig.
tests/smoke.api.office.spec.ts(12,5): error TS2304: Cannot find name 'expect'.
tests/smoke.api.office.spec.ts(15,3): error TS2593: Cannot find name 'it'. Do you need to install type definitions for a test runner? Try `npm i --save-dev @types/jest` or `npm i --save-dev @types/mocha` and then add 'jest' or 'mocha' to the types field in your tsconfig.
tests/smoke.api.office.spec.ts(17,5): error TS2304: Cannot find name 'expect'.
tests/smoke.api.office.spec.ts(21,7): error TS2304: Cannot find name 'expect'.
tests/smoke.api.office.spec.ts(25,3): error TS2593: Cannot find name 'it'. Do you need to install type definitions for a test runner? Try `npm i --save-dev @types/jest` or `npm i --save-dev @types/mocha` and then add 'jest' or 'mocha' to the types field in your tsconfig.
tests/smoke.api.office.spec.ts(34,5): error TS2304: Cannot find name 'expect'.
tests/smoke.api.office.spec.ts(39,7): error TS2304: Cannot find name 'expect'.
tests/smoke.api.office.spec.ts(45,7): error TS2304: Cannot find name 'expect'.
tests/smoke.api.office.spec.ts(49,3): error TS2593: Cannot find name 'it'. Do you need to install type definitions for a test runner? Try `npm i --save-dev @types/jest` or `npm i --save-dev @types/mocha` and then add 'jest' or 'mocha' to the types field in your tsconfig.
tests/smoke.api.office.spec.ts(63,5): error TS2304: Cannot find name 'expect'.
tests/smoke.api.office.spec.ts(68,9): error TS2304: Cannot find name 'expect'.
tests/smoke.api.office.spec.ts(69,9): error TS2304: Cannot find name 'expect'.
tests/smoke.api.time-tracking.spec.ts(5,1): error TS2593: Cannot find name 'describe'. Do you need to install type definitions for a test runner? Try `npm i --save-dev @types/jest` or `npm i --save-dev @types/mocha` and then add 'jest' or 'mocha' to the types field in your tsconfig.
tests/smoke.api.time-tracking.spec.ts(8,3): error TS2593: Cannot find name 'it'. Do you need to install type definitions for a test runner? Try `npm i --save-dev @types/jest` or `npm i --save-dev @types/mocha` and then add 'jest' or 'mocha' to the types field in your tsconfig.
tests/smoke.api.time-tracking.spec.ts(12,5): error TS2304: Cannot find name 'expect'.
tests/smoke.api.time-tracking.spec.ts(15,3): error TS2593: Cannot find name 'it'. Do you need to install type definitions for a test runner? Try `npm i --save-dev @types/jest` or `npm i --save-dev @types/mocha` and then add 'jest' or 'mocha' to the types field in your tsconfig.
tests/smoke.api.time-tracking.spec.ts(21,5): error TS2304: Cannot find name 'expect'.
tests/smoke.api.time-tracking.spec.ts(24,3): error TS2593: Cannot find name 'it'. Do you need to install type definitions for a test runner? Try `npm i --save-dev @types/jest` or `npm i --save-dev @types/mocha` and then add 'jest' or 'mocha' to the types field in your tsconfig.
tests/smoke.api.time-tracking.spec.ts(26,5): error TS2304: Cannot find name 'expect'.
